Jan 27 12:22:45 CS-3013-VM rsyslogd: [origin software="rsyslogd" swVersion="8.16.0" x-pid="1525" x-info="http://www.rsyslog.com"] rsyslogd was HUPed
Jan 27 12:23:20 CS-3013-VM anacron[1512]: Job `cron.daily' terminated
Jan 27 12:26:09 CS-3013-VM gnome-session[2958]: (gedit:9237): GLib-GObject-WARNING **: invalid unclassed pointer in cast to 'GeditOpenDocumentSelector'
Jan 27 12:26:09 CS-3013-VM gnome-session[2958]: (gedit:9237): Gtk-CRITICAL **: gtk_list_store_clear: assertion 'GTK_IS_LIST_STORE (list_store)' failed
Jan 27 12:26:09 CS-3013-VM gnome-session[2958]: (gedit:9237): Gtk-CRITICAL **: gtk_widget_set_visible: assertion 'GTK_IS_WIDGET (widget)' failed
Jan 27 12:26:09 CS-3013-VM gnome-session[2958]: (gedit:9237): Gtk-CRITICAL **: gtk_widget_set_visible: assertion 'GTK_IS_WIDGET (widget)' failed
Jan 27 12:26:09 CS-3013-VM gnome-session[2958]: (gedit:9237): GLib-GObject-WARNING **: invalid unclassed pointer in cast to 'GeditOpenDocumentSelector'
Jan 27 12:26:09 CS-3013-VM gnome-session[2958]: (gedit:9237): Gtk-CRITICAL **: gtk_list_store_clear: assertion 'GTK_IS_LIST_STORE (list_store)' failed
Jan 27 12:26:09 CS-3013-VM gnome-session[2958]: (gedit:9237): Gtk-CRITICAL **: gtk_widget_set_visible: assertion 'GTK_IS_WIDGET (widget)' failed
Jan 27 12:26:09 CS-3013-VM gnome-session[2958]: (gedit:9237): Gtk-CRITICAL **: gtk_widget_set_visible: assertion 'GTK_IS_WIDGET (widget)' failed
Jan 27 12:27:02 CS-3013-VM anacron[1512]: Job `cron.weekly' started
Jan 27 12:27:02 CS-3013-VM anacron[9515]: Updated timestamp for job `cron.weekly' to 2018-01-27
Jan 27 12:27:05 CS-3013-VM anacron[1512]: Job `cron.weekly' terminated
Jan 27 12:27:05 CS-3013-VM anacron[1512]: Normal exit (2 jobs run)
Jan 27 12:30:05 CS-3013-VM AptDaemon: INFO: Quitting due to inactivity
Jan 27 12:30:05 CS-3013-VM AptDaemon: INFO: Quitting was requested
Jan 27 12:30:05 CS-3013-VM org.debian.apt[1506]: 12:30:05 AptDaemon [INFO]: Quitting due to inactivity
Jan 27 12:30:05 CS-3013-VM org.debian.apt[1506]: 12:30:05 AptDaemon [INFO]: Quitting was requested
Jan 27 12:30:05 CS-3013-VM kernel: [  211.285981] Unloaded interceptor!
Jan 27 12:30:05 CS-3013-VM kernel: [  793.099046] aptd (3448) used greatest stack depth: 13224 bytes left
Jan 27 12:30:42 CS-3013-VM whoopsie[2338]: [12:30:42] Parsing /var/crash/_usr_bin_codeblocks.1001.crash.
Jan 27 12:30:42 CS-3013-VM whoopsie[2338]: [12:30:42] Uploading /var/crash/_usr_bin_codeblocks.1001.crash.
Jan 27 12:30:52 CS-3013-VM whoopsie[2338]: [12:30:52] Sent; server replied with: No error
Jan 27 12:30:52 CS-3013-VM whoopsie[2338]: [12:30:52] Response code: 200
Jan 27 12:30:52 CS-3013-VM whoopsie[2338]: [12:30:52] Reported OOPS ID d342b510-0387-11e8-8d3b-fa163e54c21f
Jan 27 12:32:02 CS-3013-VM systemd[1]: Starting Cleanup of Temporary Directories...
Jan 27 12:32:02 CS-3013-VM systemd-tmpfiles[10113]: [/usr/lib/tmpfiles.d/var.conf:14] Duplicate line for path "/var/log", ignoring.
Jan 27 12:32:02 CS-3013-VM systemd[1]: Started Cleanup of Temporary Directories.
Jan 27 12:32:14 CS-3013-VM kernel: [  922.591144] kworker/dying (954) used greatest stack depth: 12856 bytes left
Jan 27 12:35:19 CS-3013-VM rsyslogd: [origin software="rsyslogd" swVersion="8.16.0" x-pid="1520" x-info="http://www.rsyslog.com"] start
Jan 27 12:35:18 CS-3013-VM rsyslogd-2222: command 'KLogPermitNonKernelFacility' is currently not permitted - did you already set it via a RainerScript command (v6+ config)? [v8.16.0 try http://www.rsyslog.com/e/2222 ]
Jan 27 12:35:19 CS-3013-VM rsyslogd: rsyslogd's groupid changed to 108
Jan 27 12:35:19 CS-3013-VM rsyslogd: rsyslogd's userid changed to 104
Jan 27 12:35:19 CS-3013-VM systemd-modules-load[1133]: Failed to find module 'lp'
Jan 27 12:35:19 CS-3013-VM systemd-modules-load[1133]: Failed to find module 'ppdev'
Jan 27 12:35:19 CS-3013-VM systemd-modules-load[1133]: Failed to find module 'parport_pc'
Jan 27 12:35:19 CS-3013-VM systemd-sysctl[1141]: Couldn't write '1' to 'kernel/yama/ptrace_scope', ignoring: No such file or directory
Jan 27 12:35:19 CS-3013-VM loadkeys[1131]: Loading /etc/console-setup/cached.kmap.gz
Jan 27 12:35:19 CS-3013-VM systemd[1]: Started Create Static Device Nodes in /dev.
Jan 27 12:35:19 CS-3013-VM systemd[1]: Starting udev Kernel Device Manager...
Jan 27 12:35:19 CS-3013-VM systemd[1]: Started udev Kernel Device Manager.
Jan 27 12:35:19 CS-3013-VM systemd[1]: Starting Remount Root and Kernel File Systems...
Jan 27 12:35:19 CS-3013-VM systemd[1]: Started Remount Root and Kernel File Systems.
Jan 27 12:35:19 CS-3013-VM systemd[1]: Reached target Local File Systems (Pre).
Jan 27 12:35:19 CS-3013-VM systemd[1]: Starting udev Coldplug all Devices...
Jan 27 12:35:19 CS-3013-VM systemd[1]: Starting Flush Journal to Persistent Storage...
Jan 27 12:35:19 CS-3013-VM systemd[1]: Starting Load/Save Random Seed...
Jan 27 12:35:19 CS-3013-VM kernel: [    0.000000] Linux version 4.15.0-rc7project0+ (kylesavell@CS-3013-VM) (gcc version 5.4.0 20160609 (Ubuntu 5.4.0-6ubuntu1~16.04.5)) #2 SMP Sat Jan 13 14:32:34 EST 2018
Jan 27 12:35:19 CS-3013-VM rsyslogd-2039: Could not open output pipe '/dev/xconsole':: No such file or directory [v8.16.0 try http://www.rsyslog.com/e/2039 ]
Jan 27 12:35:19 CS-3013-VM kernel: [    0.000000] Command line: BOOT_IMAGE=/boot/vmlinuz-4.15.0-rc7project0+ root=UUID=48c4677d-5932-4a78-be14-e6ef89960207 ro quiet splash
Jan 27 12:35:19 CS-3013-VM kernel: [    0.000000] x86/fpu: Supporting XSAVE feature 0x001: 'x87 floating point registers'
Jan 27 12:35:19 CS-3013-VM systemd[1]: Reached target Local File Systems.
Jan 27 12:35:19 CS-3013-VM kernel: [    0.000000] x86/fpu: Supporting XSAVE feature 0x002: 'SSE registers'
Jan 27 12:35:19 CS-3013-VM kernel: [    0.000000] x86/fpu: Supporting XSAVE feature 0x004: 'AVX registers'
Jan 27 12:35:19 CS-3013-VM systemd[1]: Starting Tell Plymouth To Write Out Runtime Data...
Jan 27 12:35:19 CS-3013-VM kernel: [    0.000000] x86/fpu: xstate_offset[2]:  576, xstate_sizes[2]:  256
Jan 27 12:35:19 CS-3013-VM kernel: [    0.000000] x86/fpu: Enabled xstate features 0x7, context size is 832 bytes, using 'standard' format.
Jan 27 12:35:19 CS-3013-VM kernel: [    0.000000] e820: BIOS-provided physical RAM map:
Jan 27 12:35:19 CS-3013-VM kernel: [    0.000000] BIOS-e820: [mem 0x0000000000000000-0x000000000009fbff] usable
Jan 27 12:35:19 CS-3013-VM systemd[1]: Starting Set console font and keymap...
Jan 27 12:35:19 CS-3013-VM kernel: [    0.000000] BIOS-e820: [mem 0x000000000009fc00-0x000000000009ffff] reserved
Jan 27 12:35:19 CS-3013-VM kernel: [    0.000000] BIOS-e820: [mem 0x00000000000f0000-0x00000000000fffff] reserved
Jan 27 12:35:19 CS-3013-VM kernel: [    0.000000] BIOS-e820: [mem 0x0000000000100000-0x00000000dffeffff] usable
Jan 27 12:35:19 CS-3013-VM systemd[1]: Starting Clean up any mess left by 0dns-up...
Jan 27 12:35:19 CS-3013-VM kernel: [    0.000000] BIOS-e820: [mem 0x00000000dfff0000-0x00000000dfffffff] ACPI data
Jan 27 12:35:19 CS-3013-VM kernel: [    0.000000] BIOS-e820: [mem 0x00000000fec00000-0x00000000fec00fff] reserved
Jan 27 12:35:19 CS-3013-VM rsyslogd-2007: action 'action 10' suspended, next retry is Sat Jan 27 12:35:49 2018 [v8.16.0 try http://www.rsyslog.com/e/2007 ]
Jan 27 12:35:19 CS-3013-VM kernel: [    0.000000] BIOS-e820: [mem 0x00000000fee00000-0x00000000fee00fff] reserved
Jan 27 12:35:19 CS-3013-VM systemd[1]: Starting LSB: AppArmor initialization...
Jan 27 12:35:19 CS-3013-VM kernel: [    0.000000] BIOS-e820: [mem 0x00000000fffc0000-0x00000000ffffffff] reserved
Jan 27 12:35:19 CS-3013-VM kernel: [    0.000000] BIOS-e820: [mem 0x0000000100000000-0x0000000119ffffff] usable
Jan 27 12:35:19 CS-3013-VM systemd[1]: Started Load/Save Random Seed.
Jan 27 12:35:19 CS-3013-VM kernel: [    0.000000] NX (Execute Disable) protection: active
Jan 27 12:35:19 CS-3013-VM kernel: [    0.000000] random: fast init done
Jan 27 12:35:19 CS-3013-VM kernel: [    0.000000] SMBIOS 2.5 present.
Jan 27 12:35:19 CS-3013-VM systemd[1]: Started Flush Journal to Persistent Storage.
Jan 27 12:35:19 CS-3013-VM kernel: [    0.000000] DMI: innotek GmbH VirtualBox/VirtualBox, BIOS VirtualBox 12/01/2006
Jan 27 12:35:19 CS-3013-VM kernel: [    0.000000] e820: update [mem 0x00000000-0x00000fff] usable ==> reserved
Jan 27 12:35:19 CS-3013-VM systemd[1]: Starting Create Volatile Files and Directories...
Jan 27 12:35:19 CS-3013-VM kernel: [    0.000000] e820: remove [mem 0x000a0000-0x000fffff] usable
Jan 27 12:35:19 CS-3013-VM kernel: [    0.000000] e820: last_pfn = 0x11a000 max_arch_pfn = 0x400000000
Jan 27 12:35:19 CS-3013-VM kernel: [    0.000000] MTRR default type: uncachable
Jan 27 12:35:19 CS-3013-VM kernel: [    0.000000] MTRR variable ranges disabled:
Jan 27 12:35:19 CS-3013-VM systemd-tmpfiles[1177]: [/usr/lib/tmpfiles.d/var.conf:14] Duplicate line for path "/var/log", ignoring.
Jan 27 12:35:19 CS-3013-VM kernel: [    0.000000] MTRR: Disabled
Jan 27 12:35:19 CS-3013-VM kernel: [    0.000000] x86/PAT: MTRRs disabled, skipping PAT initialization too.
Jan 27 12:35:19 CS-3013-VM systemd[1]: Started Clean up any mess left by 0dns-up.
Jan 27 12:35:19 CS-3013-VM kernel: [    0.000000] CPU MTRRs all blank - virtualized system.
Jan 27 12:35:19 CS-3013-VM kernel: [    0.000000] x86/PAT: Configuration [0-7]: WB  WT  UC- UC  WB  WT  UC- UC  
Jan 27 12:35:19 CS-3013-VM kernel: [    0.000000] e820: last_pfn = 0xdfff0 max_arch_pfn = 0x400000000
Jan 27 12:35:19 CS-3013-VM kernel: [    0.000000] found SMP MP-table at [mem 0x0009fff0-0x0009ffff] mapped at [        (ptrval)]
Jan 27 12:35:19 CS-3013-VM systemd[1]: Started udev Coldplug all Devices.
Jan 27 12:35:19 CS-3013-VM kernel: [    0.000000] Scanning 1 areas for low memory corruption
Jan 27 12:35:19 CS-3013-VM kernel: [    0.000000] Base memory trampoline at [        (ptrval)] 99000 size 24576
Jan 27 12:35:19 CS-3013-VM systemd[1]: Starting Show Plymouth Boot Screen...
Jan 27 12:35:19 CS-3013-VM kernel: [    0.000000] BRK [0xd691b000, 0xd691bfff] PGTABLE
Jan 27 12:35:19 CS-3013-VM kernel: [    0.000000] BRK [0xd691c000, 0xd691cfff] PGTABLE
Jan 27 12:35:19 CS-3013-VM kernel: [    0.000000] BRK [0xd691d000, 0xd691dfff] PGTABLE
Jan 27 12:35:19 CS-3013-VM kernel: [    0.000000] BRK [0xd691e000, 0xd691efff] PGTABLE
Jan 27 12:35:19 CS-3013-VM systemd[1]: Starting Nameserver information manager...
Jan 27 12:35:19 CS-3013-VM kernel: [    0.000000] BRK [0xd691f000, 0xd691ffff] PGTABLE
Jan 27 12:35:19 CS-3013-VM kernel: [    0.000000] BRK [0xd6920000, 0xd6920fff] PGTABLE
Jan 27 12:35:19 CS-3013-VM systemd[1]: Started Nameserver information manager.
Jan 27 12:35:19 CS-3013-VM kernel: [    0.000000] BRK [0xd6921000, 0xd6921fff] PGTABLE
Jan 27 12:35:19 CS-3013-VM kernel: [    0.000000] RAMDISK: [mem 0x36e24000-0x37709fff]
Jan 27 12:35:19 CS-3013-VM kernel: [    0.000000] ACPI: Early table checksum verification disabled
Jan 27 12:35:19 CS-3013-VM kernel: [    0.000000] ACPI: RSDP 0x00000000000E0000 000024 (v02 VBOX  )
Jan 27 12:35:19 CS-3013-VM systemd[1]: Reached target Network (Pre).
Jan 27 12:35:19 CS-3013-VM kernel: [    0.000000] ACPI: XSDT 0x00000000DFFF0030 00003C (v01 VBOX   VBOXXSDT 00000001 ASL  00000061)
Jan 27 12:35:19 CS-3013-VM kernel: [    0.000000] ACPI: FACP 0x00000000DFFF00F0 0000F4 (v04 VBOX   VBOXFACP 00000001 ASL  00000061)
Jan 27 12:35:19 CS-3013-VM systemd[1]: Started Tell Plymouth To Write Out Runtime Data.
Jan 27 12:35:19 CS-3013-VM kernel: [    0.000000] ACPI: DSDT 0x00000000DFFF0480 0021FF (v02 VBOX   VBOXBIOS 00000002 INTL 20100528)
Jan 27 12:35:19 CS-3013-VM kernel: [    0.000000] ACPI: FACS 0x00000000DFFF0200 000040
Jan 27 12:35:19 CS-3013-VM kernel: [    0.000000] ACPI: FACS 0x00000000DFFF0200 000040
Jan 27 12:35:19 CS-3013-VM systemd[1]: Started Show Plymouth Boot Screen.
Jan 27 12:35:19 CS-3013-VM kernel: [    0.000000] ACPI: APIC 0x00000000DFFF0240 00006C (v02 VBOX   VBOXAPIC 00000001 ASL  00000061)
Jan 27 12:35:19 CS-3013-VM kernel: [    0.000000] ACPI: SSDT 0x00000000DFFF02B0 0001CC (v01 VBOX   VBOXCPUT 00000002 INTL 20100528)
Jan 27 12:35:19 CS-3013-VM systemd[1]: Started Forward Password Requests to Plymouth Directory Watch.
Jan 27 12:35:19 CS-3013-VM kernel: [    0.000000] ACPI: Local APIC address 0xfee00000
Jan 27 12:35:19 CS-3013-VM kernel: [    0.000000] No NUMA configuration found
Jan 27 12:35:19 CS-3013-VM kernel: [    0.000000] Faking a node at [mem 0x0000000000000000-0x0000000119ffffff]
Jan 27 12:35:19 CS-3013-VM kernel: [    0.000000] NODE_DATA(0) allocated [mem 0x119ffa000-0x119ffdfff]
Jan 27 12:35:19 CS-3013-VM systemd[1]: Started Create Volatile Files and Directories.
Jan 27 12:35:19 CS-3013-VM kernel: [    0.000000] tsc: Fast TSC calibration using PIT
Jan 27 12:35:19 CS-3013-VM kernel: [    0.000000] Zone ranges:
Jan 27 12:35:19 CS-3013-VM systemd[1]: Starting Update UTMP about System Boot/Shutdown...
Jan 27 12:35:19 CS-3013-VM kernel: [    0.000000]   DMA      [mem 0x0000000000001000-0x0000000000ffffff]
Jan 27 12:35:19 CS-3013-VM kernel: [    0.000000]   DMA32    [mem 0x0000000001000000-0x00000000ffffffff]
Jan 27 12:35:19 CS-3013-VM kernel: [    0.000000]   Normal   [mem 0x0000000100000000-0x0000000119ffffff]
Jan 27 12:35:19 CS-3013-VM kernel: [    0.000000] Movable zone start for each node
Jan 27 12:35:19 CS-3013-VM systemd[1]: Started Update UTMP about System Boot/Shutdown.
Jan 27 12:35:19 CS-3013-VM kernel: [    0.000000] Early memory node ranges
Jan 27 12:35:19 CS-3013-VM kernel: [    0.000000]   node   0: [mem 0x0000000000001000-0x000000000009efff]
Jan 27 12:35:19 CS-3013-VM systemd[1]: Started LSB: AppArmor initialization.
Jan 27 12:35:19 CS-3013-VM kernel: [    0.000000]   node   0: [mem 0x0000000000100000-0x00000000dffeffff]
Jan 27 12:35:19 CS-3013-VM kernel: [    0.000000]   node   0: [mem 0x0000000100000000-0x0000000119ffffff]
Jan 27 12:35:19 CS-3013-VM kernel: [    0.000000] Initmem setup node 0 [mem 0x0000000000001000-0x0000000119ffffff]
Jan 27 12:35:19 CS-3013-VM kernel: [    0.000000] On node 0 totalpages: 1023886
Jan 27 12:35:19 CS-3013-VM mtp-probe: checking bus 1, device 2: "/sys/devices/pci0000:00/0000:00:06.0/usb1/1-1"
Jan 27 12:35:19 CS-3013-VM kernel: [    0.000000]   DMA zone: 64 pages used for memmap
Jan 27 12:35:19 CS-3013-VM kernel: [    0.000000]   DMA zone: 21 pages reserved
Jan 27 12:35:19 CS-3013-VM mtp-probe: bus: 1, device: 2 was not an MTP device
Jan 27 12:35:19 CS-3013-VM kernel: [    0.000000]   DMA zone: 3998 pages, LIFO batch:0
Jan 27 12:35:19 CS-3013-VM kernel: [    0.000000]   DMA32 zone: 14272 pages used for memmap
Jan 27 12:35:19 CS-3013-VM kernel: [    0.000000]   DMA32 zone: 913392 pages, LIFO batch:31
Jan 27 12:35:19 CS-3013-VM systemd[1]: Starting Raise network interfaces...
Jan 27 12:35:19 CS-3013-VM kernel: [    0.000000]   Normal zone: 1664 pages used for memmap
Jan 27 12:35:19 CS-3013-VM kernel: [    0.000000]   Normal zone: 106496 pages, LIFO batch:31
Jan 27 12:35:19 CS-3013-VM systemd[1]: Started Set console font and keymap.
Jan 27 12:35:19 CS-3013-VM kernel: [    0.000000] Reserved but unavailable: 98 pages
Jan 27 12:35:19 CS-3013-VM kernel: [    0.000000] ACPI: PM-Timer IO Port: 0x4008
Jan 27 12:35:19 CS-3013-VM kernel: [    0.000000] ACPI: Local APIC address 0xfee00000
Jan 27 12:35:19 CS-3013-VM kernel: [    0.000000] IOAPIC[0]: apic_id 4, version 32, address 0xfec00000, GSI 0-23
Jan 27 12:35:19 CS-3013-VM kernel: [    0.000000] ACPI: INT_SRC_OVR (bus 0 bus_irq 0 global_irq 2 dfl dfl)
Jan 27 12:35:19 CS-3013-VM kernel: [    0.000000] ACPI: INT_SRC_OVR (bus 0 bus_irq 9 global_irq 9 low level)
Jan 27 12:35:19 CS-3013-VM systemd[1]: Created slice system-getty.slice.
Jan 27 12:35:19 CS-3013-VM kernel: [    0.000000] ACPI: IRQ0 used by override.
Jan 27 12:35:19 CS-3013-VM kernel: [    0.000000] ACPI: IRQ9 used by override.
Jan 27 12:35:19 CS-3013-VM kernel: [    0.000000] Using ACPI (MADT) for SMP configuration information
Jan 27 12:35:19 CS-3013-VM systemd[1]: Listening on Load/Save RF Kill Switch Status /dev/rfkill Watch.
Jan 27 12:35:19 CS-3013-VM kernel: [    0.000000] smpboot: Allowing 4 CPUs, 0 hotplug CPUs
Jan 27 12:35:19 CS-3013-VM kernel: [    0.000000] PM: Registered nosave memory: [mem 0x00000000-0x00000fff]
Jan 27 12:35:19 CS-3013-VM kernel: [    0.000000] PM: Registered nosave memory: [mem 0x0009f000-0x0009ffff]
Jan 27 12:35:19 CS-3013-VM systemd[1]: Started Raise network interfaces.
Jan 27 12:35:19 CS-3013-VM kernel: [    0.000000] PM: Registered nosave memory: [mem 0x000a0000-0x000effff]
Jan 27 12:35:19 CS-3013-VM kernel: [    0.000000] PM: Registered nosave memory: [mem 0x000f0000-0x000fffff]
Jan 27 12:35:19 CS-3013-VM kernel: [    0.000000] PM: Registered nosave memory: [mem 0xdfff0000-0xdfffffff]
Jan 27 12:35:19 CS-3013-VM systemd[1]: Found device VBOX_HARDDISK 5.
Jan 27 12:35:19 CS-3013-VM kernel: [    0.000000] PM: Registered nosave memory: [mem 0xe0000000-0xfebfffff]
Jan 27 12:35:19 CS-3013-VM kernel: [    0.000000] PM: Registered nosave memory: [mem 0xfec00000-0xfec00fff]
Jan 27 12:35:19 CS-3013-VM kernel: [    0.000000] PM: Registered nosave memory: [mem 0xfec01000-0xfedfffff]
Jan 27 12:35:19 CS-3013-VM systemd[1]: Activating swap /dev/disk/by-uuid/658ae268-24b4-4e46-b03d-bf52b29a0639...
Jan 27 12:35:19 CS-3013-VM kernel: [    0.000000] PM: Registered nosave memory: [mem 0xfee00000-0xfee00fff]
Jan 27 12:35:19 CS-3013-VM kernel: [    0.000000] PM: Registered nosave memory: [mem 0xfee01000-0xfffbffff]
Jan 27 12:35:19 CS-3013-VM kernel: [    0.000000] PM: Registered nosave memory: [mem 0xfffc0000-0xffffffff]
Jan 27 12:35:19 CS-3013-VM kernel: [    0.000000] e820: [mem 0xe0000000-0xfebfffff] available for PCI devices
Jan 27 12:35:19 CS-3013-VM systemd[1]: Activated swap /dev/disk/by-uuid/658ae268-24b4-4e46-b03d-bf52b29a0639.
Jan 27 12:35:19 CS-3013-VM kernel: [    0.000000] clocksource: refined-jiffies: mask: 0xffffffff max_cycles: 0xffffffff, max_idle_ns: 1910969940391419 ns
Jan 27 12:35:19 CS-3013-VM kernel: [    0.000000] setup_percpu: NR_CPUS:64 nr_cpumask_bits:64 nr_cpu_ids:4 nr_node_ids:1
Jan 27 12:35:19 CS-3013-VM systemd[1]: Reached target Swap.
Jan 27 12:35:19 CS-3013-VM kernel: [    0.000000] percpu: Embedded 43 pages/cpu @        (ptrval) s137368 r8192 d30568 u524288
Jan 27 12:35:19 CS-3013-VM kernel: [    0.000000] pcpu-alloc: s137368 r8192 d30568 u524288 alloc=1*2097152
Jan 27 12:35:19 CS-3013-VM kernel: [    0.000000] pcpu-alloc: [0] 0 1 2 3 
Jan 27 12:35:19 CS-3013-VM systemd[1]: Reached target System Initialization.
Jan 27 12:35:19 CS-3013-VM kernel: [    0.000000] Built 1 zonelists, mobility grouping on.  Total pages: 1007865
Jan 27 12:35:19 CS-3013-VM kernel: [    0.000000] Policy zone: Normal
Jan 27 12:35:19 CS-3013-VM systemd[1]: Listening on UUID daemon activation socket.
Jan 27 12:35:19 CS-3013-VM kernel: [    0.000000] Kernel command line: BOOT_IMAGE=/boot/vmlinuz-4.15.0-rc7project0+ root=UUID=48c4677d-5932-4a78-be14-e6ef89960207 ro quiet splash
Jan 27 12:35:19 CS-3013-VM kernel: [    0.000000] Calgary: detecting Calgary via BIOS EBDA area
Jan 27 12:35:19 CS-3013-VM kernel: [    0.000000] Calgary: Unable to locate Rio Grande table in EBDA - bailing!
Jan 27 12:35:19 CS-3013-VM kernel: [    0.000000] Memory: 3928336K/4095544K available (12300K kernel code, 1274K rwdata, 3012K rodata, 1200K init, 660K bss, 167208K reserved, 0K cma-reserved)
Jan 27 12:35:19 CS-3013-VM systemd[1]: Listening on CUPS Scheduler.
Jan 27 12:35:19 CS-3013-VM kernel: [    0.000000] SLUB: HWalign=64, Order=0-3, MinObjects=0, CPUs=4, Nodes=1
Jan 27 12:35:19 CS-3013-VM kernel: [    0.000000] Kernel/User page tables isolation: enabled
Jan 27 12:35:19 CS-3013-VM systemd[1]: Started Daily Cleanup of Temporary Directories.
Jan 27 12:35:19 CS-3013-VM kernel: [    0.000000] Hierarchical RCU implementation.
Jan 27 12:35:19 CS-3013-VM kernel: [    0.000000] 	RCU event tracing is enabled.
Jan 27 12:35:19 CS-3013-VM kernel: [    0.000000] 	RCU restricting CPUs from NR_CPUS=64 to nr_cpu_ids=4.
Jan 27 12:35:19 CS-3013-VM systemd[1]: Started ACPI Events Check.
Jan 27 12:35:19 CS-3013-VM systemd[1]: Listening on D-Bus System Message Bus Socket.
Jan 27 12:35:19 CS-3013-VM systemd[1]: Listening on Avahi mDNS/DNS-SD Stack Activation Socket.
Jan 27 12:35:19 CS-3013-VM systemd[1]: Starting Socket activation for snappy daemon.
Jan 27 12:35:19 CS-3013-VM systemd[1]: Started CUPS Scheduler.
Jan 27 12:35:19 CS-3013-VM systemd[1]: Reached target Paths.
Jan 27 12:35:19 CS-3013-VM systemd[1]: Listening on ACPID Listen Socket.
Jan 27 12:35:19 CS-3013-VM systemd[1]: Started Timer to automatically refresh installed snaps.
Jan 27 12:35:19 CS-3013-VM systemd[1]: Listening on Socket activation for snappy daemon.
Jan 27 12:35:19 CS-3013-VM systemd[1]: Reached target Sockets.
Jan 27 12:35:19 CS-3013-VM kernel: [    0.000000] RCU: Adjusting geometry for rcu_fanout_leaf=16, nr_cpu_ids=4
Jan 27 12:35:19 CS-3013-VM kernel: [    0.000000] NR_IRQS: 4352, nr_irqs: 456, preallocated irqs: 16
Jan 27 12:35:19 CS-3013-VM systemd[1]: Reached target Basic System.
Jan 27 12:35:19 CS-3013-VM kernel: [    0.000000] Console: colour VGA+ 80x25
Jan 27 12:35:19 CS-3013-VM kernel: [    0.000000] console [tty0] enabled
Jan 27 12:35:19 CS-3013-VM kernel: [    0.000000] ACPI: Core revision 20170831
Jan 27 12:35:19 CS-3013-VM kernel: [    0.000000] ACPI: 2 ACPI AML tables successfully acquired and loaded
Jan 27 12:35:19 CS-3013-VM systemd[1]: Started ACPI event daemon.
Jan 27 12:35:19 CS-3013-VM kernel: [    0.000000] APIC: Switch to symmetric I/O mode setup
Jan 27 12:35:19 CS-3013-VM kernel: [    0.000000] ..TIMER: vector=0x30 apic1=0 pin1=2 apic2=-1 pin2=-1
Jan 27 12:35:19 CS-3013-VM kernel: [    0.005000] tsc: Fast TSC calibration using PIT
Jan 27 12:35:19 CS-3013-VM systemd[1]: Starting Restore /etc/resolv.conf if the system crashed before the ppp link was shut down...
Jan 27 12:35:19 CS-3013-VM kernel: [    0.006000] tsc: Detected 2594.077 MHz processor
Jan 27 12:35:19 CS-3013-VM kernel: [    0.006000] Calibrating delay loop (skipped), value calculated using timer frequency.. 5188.15 BogoMIPS (lpj=2594077)
Jan 27 12:35:19 CS-3013-VM kernel: [    0.006000] pid_max: default: 32768 minimum: 301
Jan 27 12:35:19 CS-3013-VM kernel: [    0.006000] Security Framework initialized
Jan 27 12:35:19 CS-3013-VM systemd[1]: Starting Login Service...
Jan 27 12:35:19 CS-3013-VM kernel: [    0.006000] SELinux:  Initializing.
Jan 27 12:35:19 CS-3013-VM systemd[1]: Starting LSB: automatic crash report generation...
Jan 27 12:35:19 CS-3013-VM kernel: [    0.006000] SELinux:  Starting in permissive mode
Jan 27 12:35:19 CS-3013-VM kernel: [    0.008053] Dentry cache hash table entries: 524288 (order: 10, 4194304 bytes)
Jan 27 12:35:19 CS-3013-VM kernel: [    0.009050] Inode-cache hash table entries: 262144 (order: 9, 2097152 bytes)
Jan 27 12:35:19 CS-3013-VM systemd[1]: Starting Detect the available GPUs and deal with any system changes...
Jan 27 12:35:19 CS-3013-VM kernel: [    0.009062] Mount-cache hash table entries: 8192 (order: 4, 65536 bytes)
Jan 27 12:35:19 CS-3013-VM kernel: [    0.009069] Mountpoint-cache hash table entries: 8192 (order: 4, 65536 bytes)
Jan 27 12:35:19 CS-3013-VM kernel: [    0.009202] CPU: Physical Processor ID: 0
Jan 27 12:35:19 CS-3013-VM systemd[1]: Starting Snappy daemon...
Jan 27 12:35:19 CS-3013-VM kernel: [    0.009203] CPU: Processor Core ID: 0
Jan 27 12:35:19 CS-3013-VM kernel: [    0.009216] mce: CPU supports 0 MCE banks
Jan 27 12:35:19 CS-3013-VM kernel: [    0.009228] Last level iTLB entries: 4KB 1024, 2MB 1024, 4MB 1024
Jan 27 12:35:19 CS-3013-VM kernel: [    0.009230] Last level dTLB entries: 4KB 1024, 2MB 1024, 4MB 1024, 1GB 4
Jan 27 12:35:19 CS-3013-VM systemd[1]: Starting Permit User Sessions...
Jan 27 12:35:19 CS-3013-VM kernel: [    0.009312] Freeing SMP alternatives memory: 36K
Jan 27 12:35:19 CS-3013-VM kernel: [    0.010000] smpboot: CPU0: Intel(R) Core(TM) i7-4720HQ CPU @ 2.60GHz (family: 0x6, model: 0x3c, stepping: 0x3)
Jan 27 12:35:19 CS-3013-VM systemd[1]: Started Regular background program processing daemon.
Jan 27 12:35:19 CS-3013-VM kernel: [    0.010000] Performance Events: unsupported p6 CPU model 60 no PMU driver, software events only.
Jan 27 12:35:19 CS-3013-VM kernel: [    0.010000] Hierarchical SRCU implementation.
Jan 27 12:35:19 CS-3013-VM kernel: [    0.010000] smp: Bringing up secondary CPUs ...
Jan 27 12:35:19 CS-3013-VM systemd[1]: Started Run anacron jobs.
Jan 27 12:35:19 CS-3013-VM kernel: [    0.010000] x86: Booting SMP configuration:
Jan 27 12:35:19 CS-3013-VM kernel: [    0.010000] .... node  #0, CPUs:      #1
Jan 27 12:35:19 CS-3013-VM kernel: [    0.001000] mce: CPU supports 0 MCE banks
Jan 27 12:35:19 CS-3013-VM kernel: [    0.010091]  #2
Jan 27 12:35:19 CS-3013-VM systemd[1]: Starting LSB: Set the CPU Frequency Scaling governor to "ondemand"...
Jan 27 12:35:19 CS-3013-VM kernel: [    0.001000] mce: CPU supports 0 MCE banks
Jan 27 12:35:19 CS-3013-VM kernel: [    0.012095]  #3
Jan 27 12:35:19 CS-3013-VM kernel: [    0.001000] mce: CPU supports 0 MCE banks
Jan 27 12:35:19 CS-3013-VM kernel: [    0.013022] smp: Brought up 1 node, 4 CPUs
Jan 27 12:35:19 CS-3013-VM systemd[1]: Starting Thermal Daemon Service...
Jan 27 12:35:19 CS-3013-VM kernel: [    0.013022] smpboot: Max logical packages: 1
Jan 27 12:35:19 CS-3013-VM kernel: [    0.013022] smpboot: Total of 4 processors activated (20752.61 BogoMIPS)
Jan 27 12:35:19 CS-3013-VM systemd[1]: Starting LSB: Speech Dispatcher...
Jan 27 12:35:19 CS-3013-VM kernel: [    0.014115] devtmpfs: initialized
Jan 27 12:35:19 CS-3013-VM kernel: [    0.014192] clocksource: jiffies: mask: 0xffffffff max_cycles: 0xffffffff, max_idle_ns: 1911260446275000 ns
Jan 27 12:35:19 CS-3013-VM kernel: [    0.014197] futex hash table entries: 1024 (order: 4, 65536 bytes)
Jan 27 12:35:19 CS-3013-VM kernel: [    0.016036] kworker/u8:0 (30) used greatest stack depth: 14280 bytes left
Jan 27 12:35:19 CS-3013-VM systemd[1]: Starting vboxadd.service...
Jan 27 12:35:19 CS-3013-VM kernel: [    0.017124] RTC time: 17:35:07, date: 01/27/18
Jan 27 12:35:19 CS-3013-VM kernel: [    0.018237] NET: Registered protocol family 16
Jan 27 12:35:19 CS-3013-VM kernel: [    0.018294] audit: initializing netlink subsys (disabled)
Jan 27 12:35:19 CS-3013-VM systemd[1]: Starting Modem Manager...
Jan 27 12:35:19 CS-3013-VM kernel: [    0.018320] audit: type=2000 audit(1517074507.018:1): state=initialized audit_enabled=0 res=1
Jan 27 12:35:19 CS-3013-VM kernel: [    0.018330] cpuidle: using governor menu
Jan 27 12:35:19 CS-3013-VM systemd[1]: Started CUPS Scheduler.
Jan 27 12:35:19 CS-3013-VM kernel: [    0.018330] ACPI: bus type PCI registered
Jan 27 12:35:19 CS-3013-VM kernel: [    0.019004] PCI: Using configuration type 1 for base access
Jan 27 12:35:19 CS-3013-VM kernel: [    0.029025] HugeTLB registered 2.00 MiB page size, pre-allocated 0 pages
Jan 27 12:35:19 CS-3013-VM kernel: [    0.029106] ACPI: Added _OSI(Module Device)
Jan 27 12:35:19 CS-3013-VM systemd[1]: Starting LSB: daemon to balance interrupts for SMP systems...
Jan 27 12:35:19 CS-3013-VM kernel: [    0.029106] ACPI: Added _OSI(Processor Device)
Jan 27 12:35:19 CS-3013-VM kernel: [    0.029106] ACPI: Added _OSI(3.0 _SCP Extensions)
Jan 27 12:35:19 CS-3013-VM systemd[1]: Starting Accounts Service...
Jan 27 12:35:19 CS-3013-VM kernel: [    0.029106] ACPI: Added _OSI(Processor Aggregator Device)
Jan 27 12:35:19 CS-3013-VM kernel: [    0.029106] ACPI: Executed 1 blocks of module-level executable AML code
Jan 27 12:35:19 CS-3013-VM kernel: [    0.030464] ACPI: Interpreter enabled
Jan 27 12:35:19 CS-3013-VM kernel: [    0.030472] ACPI: (supports S0 S5)
Jan 27 12:35:19 CS-3013-VM kernel: [    0.030474] ACPI: Using IOAPIC for interrupt routing
Jan 27 12:35:19 CS-3013-VM systemd[1]: Starting System Logging Service...
Jan 27 12:35:19 CS-3013-VM kernel: [    0.030548] PCI: Using host bridge windows from ACPI; if necessary, use "pci=nocrs" and report a bug
Jan 27 12:35:19 CS-3013-VM kernel: [    0.030644] ACPI: Enabled 2 GPEs in block 00 to 07
Jan 27 12:35:19 CS-3013-VM systemd[1]: Starting Avahi mDNS/DNS-SD Stack...
Jan 27 12:35:19 CS-3013-VM kernel: [    0.034256] ACPI: PCI Root Bridge [PCI0] (domain 0000 [bus 00-ff])
Jan 27 12:35:19 CS-3013-VM kernel: [    0.034260] acpi PNP0A03:00: _OSC: OS supports [ASPM ClockPM Segments MSI]
Jan 27 12:35:19 CS-3013-VM kernel: [    0.034270] acpi PNP0A03:00: _OSC: not requesting OS control; OS requires [ExtendedConfig ASPM ClockPM MSI]
Jan 27 12:35:19 CS-3013-VM kernel: [    0.034275] acpi PNP0A03:00: fail to add MMCONFIG information, can't access extended PCI configuration space under this bridge.
Jan 27 12:35:19 CS-3013-VM systemd[1]: Starting LSB: Record successful boot for GRUB...
Jan 27 12:35:19 CS-3013-VM kernel: [    0.034358] PCI host bridge to bus 0000:00
Jan 27 12:35:19 CS-3013-VM kernel: [    0.034361] pci_bus 0000:00: root bus resource [io  0x0000-0x0cf7 window]
Jan 27 12:35:19 CS-3013-VM systemd[1]: Started D-Bus System Message Bus.
Jan 27 12:35:19 CS-3013-VM kernel: [    0.034363] pci_bus 0000:00: root bus resource [io  0x0d00-0xffff window]
Jan 27 12:35:19 CS-3013-VM kernel: [    0.034364] pci_bus 0000:00: root bus resource [mem 0x000a0000-0x000bffff window]
Jan 27 12:35:19 CS-3013-VM kernel: [    0.034366] pci_bus 0000:00: root bus resource [mem 0xe0000000-0xfdffffff window]
Jan 27 12:35:19 CS-3013-VM kernel: [    0.034368] pci_bus 0000:00: root bus resource [bus 00-ff]
Jan 27 12:35:19 CS-3013-VM cron[1510]: (CRON) INFO (pidfile fd = 3)
Jan 27 12:35:19 CS-3013-VM kernel: [    0.034400] pci 0000:00:00.0: [8086:1237] type 00 class 0x060000
Jan 27 12:35:19 CS-3013-VM kernel: [    0.035014] pci 0000:00:01.0: [8086:7000] type 00 class 0x060100
Jan 27 12:35:19 CS-3013-VM acpid: starting up with netlink and the input layer
Jan 27 12:35:19 CS-3013-VM kernel: [    0.035368] pci 0000:00:01.1: [8086:7111] type 00 class 0x01018a
Jan 27 12:35:19 CS-3013-VM kernel: [    0.035660] pci 0000:00:01.1: reg 0x20: [io  0xd000-0xd00f]
Jan 27 12:35:19 CS-3013-VM kernel: [    0.035775] pci 0000:00:01.1: legacy IDE quirk: reg 0x10: [io  0x01f0-0x01f7]
Jan 27 12:35:19 CS-3013-VM kernel: [    0.035776] pci 0000:00:01.1: legacy IDE quirk: reg 0x14: [io  0x03f6]
Jan 27 12:35:19 CS-3013-VM kernel: [    0.035778] pci 0000:00:01.1: legacy IDE quirk: reg 0x18: [io  0x0170-0x0177]
Jan 27 12:35:19 CS-3013-VM kernel: [    0.035779] pci 0000:00:01.1: legacy IDE quirk: reg 0x1c: [io  0x0376]
Jan 27 12:35:19 CS-3013-VM gpu-manager[1507]: /etc/modprobe.d is not a file
Jan 27 12:35:19 CS-3013-VM kernel: [    0.036021] pci 0000:00:02.0: [80ee:beef] type 00 class 0x030000
Jan 27 12:35:19 CS-3013-VM kernel: [    0.038257] pci 0000:00:02.0: reg 0x10: [mem 0xe0000000-0xe0ffffff pref]
Jan 27 12:35:19 CS-3013-VM kernel: [    0.058499] pci 0000:00:03.0: [8086:100e] type 00 class 0x020000
Jan 27 12:35:19 CS-3013-VM kernel: [    0.062166] pci 0000:00:03.0: reg 0x10: [mem 0xf0000000-0xf001ffff]
Jan 27 12:35:19 CS-3013-VM kernel: [    0.068306] pci 0000:00:03.0: reg 0x18: [io  0xd010-0xd017]
Jan 27 12:35:19 CS-3013-VM kernel: [    0.081303] pci 0000:00:04.0: [80ee:cafe] type 00 class 0x088000
Jan 27 12:35:19 CS-3013-VM kernel: [    0.084072] pci 0000:00:04.0: reg 0x10: [io  0xd020-0xd03f]
Jan 27 12:35:19 CS-3013-VM kernel: [    0.086477] pci 0000:00:04.0: reg 0x14: [mem 0xf0400000-0xf07fffff]
Jan 27 12:35:19 CS-3013-VM kernel: [    0.088120] pci 0000:00:04.0: reg 0x18: [mem 0xf0800000-0xf0803fff pref]
Jan 27 12:35:19 CS-3013-VM kernel: [    0.099308] pci 0000:00:05.0: [8086:2415] type 00 class 0x040100
Jan 27 12:35:19 CS-3013-VM kernel: [    0.099425] pci 0000:00:05.0: reg 0x10: [io  0xd100-0xd1ff]
Jan 27 12:35:19 CS-3013-VM kernel: [    0.099570] pci 0000:00:05.0: reg 0x14: [io  0xd200-0xd23f]
Jan 27 12:35:19 CS-3013-VM kernel: [    0.100218] pci 0000:00:06.0: [106b:003f] type 00 class 0x0c0310
Jan 27 12:35:19 CS-3013-VM kernel: [    0.103181] pci 0000:00:06.0: reg 0x10: [mem 0xf0804000-0xf0804fff]
Jan 27 12:35:19 CS-3013-VM kernel: [    0.122123] pci 0000:00:07.0: [8086:7113] type 00 class 0x068000
Jan 27 12:35:19 CS-3013-VM kernel: [    0.122462] pci 0000:00:07.0: quirk: [io  0x4000-0x403f] claimed by PIIX4 ACPI
Jan 27 12:35:19 CS-3013-VM kernel: [    0.122475] pci 0000:00:07.0: quirk: [io  0x4100-0x410f] claimed by PIIX4 SMB
Jan 27 12:35:19 CS-3013-VM kernel: [    0.122695] pci 0000:00:0d.0: [8086:2829] type 00 class 0x010601
Jan 27 12:35:19 CS-3013-VM kernel: [    0.124128] pci 0000:00:0d.0: reg 0x10: [io  0xd240-0xd247]
Jan 27 12:35:19 CS-3013-VM kernel: [    0.126781] pci 0000:00:0d.0: reg 0x14: [io  0xd248-0xd24b]
Jan 27 12:35:19 CS-3013-VM gpu-manager[1507]: message repeated 4 times: [ /etc/modprobe.d is not a file]
Jan 27 12:35:19 CS-3013-VM gpu-manager[1507]: Error: can't open /lib/modules/4.15.0-rc7project0+/updates/dkms
Jan 27 12:35:19 CS-3013-VM kernel: [    0.129623] pci 0000:00:0d.0: reg 0x18: [io  0xd250-0xd257]
Jan 27 12:35:19 CS-3013-VM kernel: [    0.131022] pci 0000:00:0d.0: reg 0x1c: [io  0xd258-0xd25b]
Jan 27 12:35:19 CS-3013-VM kernel: [    0.135084] pci 0000:00:0d.0: reg 0x20: [io  0xd260-0xd26f]
Jan 27 12:35:19 CS-3013-VM kernel: [    0.136191] pci 0000:00:0d.0: reg 0x24: [mem 0xf0806000-0xf0807fff]
Jan 27 12:35:19 CS-3013-VM kernel: [    0.140987] ACPI: PCI Interrupt Link [LNKA] (IRQs 5 9 10 *11)
Jan 27 12:35:19 CS-3013-VM kernel: [    0.141133] ACPI: PCI Interrupt Link [LNKB] (IRQs 5 9 *10 11)
Jan 27 12:35:19 CS-3013-VM kernel: [    0.141186] ACPI: PCI Interrupt Link [LNKC] (IRQs 5 *9 10 11)
Jan 27 12:35:19 CS-3013-VM gpu-manager[1507]: Error: can't open /lib/modules/4.15.0-rc7project0+/updates/dkms
Jan 27 12:35:19 CS-3013-VM acpid: 9 rules loaded
Jan 27 12:35:19 CS-3013-VM kernel: [    0.141239] ACPI: PCI Interrupt Link [LNKD] (IRQs 5 9 10 *11)
Jan 27 12:35:19 CS-3013-VM kernel: [    0.141433] pci 0000:00:02.0: vgaarb: setting as boot VGA device
Jan 27 12:35:19 CS-3013-VM acpid: waiting for events: event logging is off
Jan 27 12:35:19 CS-3013-VM kernel: [    0.141433] pci 0000:00:02.0: vgaarb: VGA device added: decodes=io+mem,owns=io+mem,locks=none
Jan 27 12:35:19 CS-3013-VM kernel: [    0.141433] pci 0000:00:02.0: vgaarb: bridge control possible
Jan 27 12:35:19 CS-3013-VM kernel: [    0.141433] vgaarb: loaded
Jan 27 12:35:19 CS-3013-VM avahi-daemon[1521]: Found user 'avahi' (UID 111) and group 'avahi' (GID 120).
Jan 27 12:35:19 CS-3013-VM kernel: [    0.141433] SCSI subsystem initialized
Jan 27 12:35:19 CS-3013-VM kernel: [    0.142112] libata version 3.00 loaded.
Jan 27 12:35:19 CS-3013-VM avahi-daemon[1521]: Successfully dropped root privileges.
Jan 27 12:35:19 CS-3013-VM kernel: [    0.142112] ACPI: bus type USB registered
Jan 27 12:35:19 CS-3013-VM kernel: [    0.142112] usbcore: registered new interface driver usbfs
Jan 27 12:35:19 CS-3013-VM kernel: [    0.142112] usbcore: registered new interface driver hub
Jan 27 12:35:19 CS-3013-VM kernel: [    0.142128] usbcore: registered new device driver usb
Jan 27 12:35:19 CS-3013-VM avahi-daemon[1521]: avahi-daemon 0.6.32-rc starting up.
Jan 27 12:35:19 CS-3013-VM kernel: [    0.142131] pps_core: LinuxPPS API ver. 1 registered
Jan 27 12:35:19 CS-3013-VM anacron[1511]: Anacron 2.3 started on 2018-01-27
Jan 27 12:35:19 CS-3013-VM kernel: [    0.142132] pps_core: Software ver. 5.3.6 - Copyright 2005-2007 Rodolfo Giometti <giometti@linux.it>
Jan 27 12:35:19 CS-3013-VM kernel: [    0.142136] PTP clock support registered
Jan 27 12:35:19 CS-3013-VM anacron[1511]: Normal exit (0 jobs run)
Jan 27 12:35:19 CS-3013-VM vboxadd[1515]: VirtualBox Guest Additions: Starting.
Jan 27 12:35:19 CS-3013-VM kernel: [    0.142271] EDAC MC: Ver: 3.0.0
Jan 27 12:35:19 CS-3013-VM kernel: [    0.142460] Advanced Linux Sound Architecture Driver Initialized.
Jan 27 12:35:19 CS-3013-VM kernel: [    0.142460] PCI: Using ACPI for IRQ routing
Jan 27 12:35:19 CS-3013-VM kernel: [    0.142460] PCI: pci_cache_line_size set to 64 bytes
Jan 27 12:35:19 CS-3013-VM kernel: [    0.143030] e820: reserve RAM buffer [mem 0x0009fc00-0x0009ffff]
Jan 27 12:35:19 CS-3013-VM kernel: [    0.143030] e820: reserve RAM buffer [mem 0xdfff0000-0xdfffffff]
Jan 27 12:35:19 CS-3013-VM kernel: [    0.143030] e820: reserve RAM buffer [mem 0x11a000000-0x11bffffff]
Jan 27 12:35:19 CS-3013-VM kernel: [    0.143030] NetLabel: Initializing
Jan 27 12:35:19 CS-3013-VM kernel: [    0.143030] NetLabel:  domain hash size = 128
Jan 27 12:35:19 CS-3013-VM kernel: [    0.143030] NetLabel:  protocols = UNLABELED CIPSOv4 CALIPSO
Jan 27 12:35:19 CS-3013-VM kernel: [    0.143030] NetLabel:  unlabeled traffic allowed by default
Jan 27 12:35:19 CS-3013-VM kernel: [    0.143127] clocksource: Switched to clocksource refined-jiffies
Jan 27 12:35:19 CS-3013-VM kernel: [    0.153103] VFS: Disk quotas dquot_6.6.0
Jan 27 12:35:19 CS-3013-VM kernel: [    0.153116] VFS: Dquot-cache hash table entries: 512 (order 0, 4096 bytes)
Jan 27 12:35:19 CS-3013-VM kernel: [    0.153163] pnp: PnP ACPI init
Jan 27 12:35:19 CS-3013-VM kernel: [    0.153215] pnp 00:00: Plug and Play ACPI device, IDs PNP0303 (active)
Jan 27 12:35:19 CS-3013-VM kernel: [    0.153291] pnp 00:01: Plug and Play ACPI device, IDs PNP0f03 (active)
Jan 27 12:35:19 CS-3013-VM kernel: [    0.153829] pnp: PnP ACPI: found 2 devices
Jan 27 12:35:19 CS-3013-VM kernel: [    0.165147] clocksource: acpi_pm: mask: 0xffffff max_cycles: 0xffffff, max_idle_ns: 2085701024 ns
Jan 27 12:35:19 CS-3013-VM kernel: [    0.165212] clocksource: Switched to clocksource acpi_pm
Jan 27 12:35:19 CS-3013-VM kernel: [    0.165217] pci_bus 0000:00: resource 4 [io  0x0000-0x0cf7 window]
Jan 27 12:35:19 CS-3013-VM kernel: [    0.165224] pci_bus 0000:00: resource 5 [io  0x0d00-0xffff window]
Jan 27 12:35:19 CS-3013-VM kernel: [    0.165226] pci_bus 0000:00: resource 6 [mem 0x000a0000-0x000bffff window]
Jan 27 12:35:19 CS-3013-VM kernel: [    0.165228] pci_bus 0000:00: resource 7 [mem 0xe0000000-0xfdffffff window]
Jan 27 12:35:19 CS-3013-VM kernel: [    0.165254] NET: Registered protocol family 2
Jan 27 12:35:19 CS-3013-VM kernel: [    0.165348] TCP established hash table entries: 32768 (order: 6, 262144 bytes)
Jan 27 12:35:19 CS-3013-VM kernel: [    0.165395] TCP bind hash table entries: 32768 (order: 7, 524288 bytes)
Jan 27 12:35:19 CS-3013-VM kernel: [    0.165406] TCP: Hash tables configured (established 32768 bind 32768)
Jan 27 12:35:19 CS-3013-VM kernel: [    0.165433] UDP hash table entries: 2048 (order: 4, 65536 bytes)
Jan 27 12:35:19 CS-3013-VM kernel: [    0.165445] UDP-Lite hash table entries: 2048 (order: 4, 65536 bytes)
Jan 27 12:35:19 CS-3013-VM kernel: [    0.165475] NET: Registered protocol family 1
Jan 27 12:35:19 CS-3013-VM kernel: [    0.165598] RPC: Registered named UNIX socket transport module.
Jan 27 12:35:19 CS-3013-VM kernel: [    0.165598] RPC: Registered udp transport module.
Jan 27 12:35:19 CS-3013-VM kernel: [    0.165598] RPC: Registered tcp transport module.
Jan 27 12:35:19 CS-3013-VM kernel: [    0.165598] RPC: Registered tcp NFSv4.1 backchannel transport module.
Jan 27 12:35:19 CS-3013-VM kernel: [    0.165707] pci 0000:00:00.0: Limiting direct PCI/PCI transfers
Jan 27 12:35:19 CS-3013-VM kernel: [    0.165727] pci 0000:00:01.0: Activating ISA DMA hang workarounds
Jan 27 12:35:19 CS-3013-VM kernel: [    0.165764] pci 0000:00:02.0: Video device with shadowed ROM at [mem 0x000c0000-0x000dffff]
Jan 27 12:35:19 CS-3013-VM kernel: [    0.166698] PCI: CLS 0 bytes, default 64
Jan 27 12:35:19 CS-3013-VM kernel: [    0.166718] Unpacking initramfs...
Jan 27 12:35:19 CS-3013-VM kernel: [    0.285592] Freeing initrd memory: 9112K
Jan 27 12:35:19 CS-3013-VM kernel: [    0.285639] PCI-DMA: Using software bounce buffering for IO (SWIOTLB)
Jan 27 12:35:19 CS-3013-VM kernel: [    0.285675] software IO TLB [mem 0xdbff0000-0xdfff0000] (64MB) mapped at [00000000f04911d0-0000000032d0a2f8]
Jan 27 12:35:19 CS-3013-VM kernel: [    0.286294] RAPL PMU: API unit is 2^-32 Joules, 4 fixed counters, 10737418240 ms ovfl timer
Jan 27 12:35:19 CS-3013-VM kernel: [    0.286295] RAPL PMU: hw unit of domain pp0-core 2^-0 Joules
Jan 27 12:35:19 CS-3013-VM kernel: [    0.286297] RAPL PMU: hw unit of domain package 2^-0 Joules
Jan 27 12:35:19 CS-3013-VM kernel: [    0.286306] RAPL PMU: hw unit of domain dram 2^-0 Joules
Jan 27 12:35:19 CS-3013-VM kernel: [    0.286308] RAPL PMU: hw unit of domain pp1-gpu 2^-0 Joules
Jan 27 12:35:19 CS-3013-VM kernel: [    0.286347] platform rtc_cmos: registered platform RTC device (no PNP device found)
Jan 27 12:35:19 CS-3013-VM kernel: [    0.287804] Scanning for low memory corruption every 60 seconds
Jan 27 12:35:19 CS-3013-VM kernel: [    0.288259] Initialise system trusted keyrings
Jan 27 12:35:19 CS-3013-VM kernel: [    0.288292] workingset: timestamp_bits=56 max_order=20 bucket_order=0
Jan 27 12:35:19 CS-3013-VM kernel: [    0.293115] NFS: Registering the id_resolver key type
Jan 27 12:35:19 CS-3013-VM kernel: [    0.293120] Key type id_resolver registered
Jan 27 12:35:19 CS-3013-VM kernel: [    0.293122] Key type id_legacy registered
Jan 27 12:35:19 CS-3013-VM kernel: [    0.293245] SELinux:  Registering netfilter hooks
Jan 27 12:35:19 CS-3013-VM kernel: [    0.297757] Key type asymmetric registered
Jan 27 12:35:19 CS-3013-VM kernel: [    0.297758] Asymmetric key parser 'x509' registered
Jan 27 12:35:19 CS-3013-VM kernel: [    0.297789] Block layer SCSI generic (bsg) driver version 0.4 loaded (major 250)
Jan 27 12:35:19 CS-3013-VM kernel: [    0.297790] io scheduler noop registered
Jan 27 12:35:19 CS-3013-VM kernel: [    0.297792] io scheduler deadline registered
Jan 27 12:35:19 CS-3013-VM kernel: [    0.297821] io scheduler cfq registered (default)
Jan 27 12:35:19 CS-3013-VM kernel: [    0.297823] io scheduler mq-deadline registered
Jan 27 12:35:19 CS-3013-VM kernel: [    0.297825] io scheduler kyber registered
Jan 27 12:35:19 CS-3013-VM kernel: [    0.298196] ACPI: AC Adapter [AC] (on-line)
Jan 27 12:35:19 CS-3013-VM kernel: [    0.298240] input: Power Button as /devices/LNXSYSTM:00/LNXPWRBN:00/input/input0
Jan 27 12:35:19 CS-3013-VM kernel: [    0.298263] ACPI: Power Button [PWRF]
Jan 27 12:35:19 CS-3013-VM kernel: [    0.298327] input: Sleep Button as /devices/LNXSYSTM:00/LNXSLPBN:00/input/input1
Jan 27 12:35:19 CS-3013-VM kernel: [    0.298333] ACPI: Sleep Button [SLPF]
Jan 27 12:35:19 CS-3013-VM kernel: [    0.298402] ACPI: Video Device [GFX0] (multi-head: yes  rom: no  post: no)
Jan 27 12:35:19 CS-3013-VM kernel: [    0.298436] input: Video Bus as /devices/LNXSYSTM:00/LNXSYBUS:00/PNP0A03:00/LNXVIDEO:00/input/input2
Jan 27 12:35:19 CS-3013-VM kernel: [    0.298644] Serial: 8250/16550 driver, 4 ports, IRQ sharing enabled
Jan 27 12:35:19 CS-3013-VM kernel: [    0.299055] ACPI: Battery Slot [BAT0] (battery present)
Jan 27 12:35:19 CS-3013-VM kernel: [    0.299242] Non-volatile memory driver v1.3
Jan 27 12:35:19 CS-3013-VM kernel: [    0.299322] Linux agpgart interface v0.103
Jan 27 12:35:19 CS-3013-VM kernel: [    0.303367] loop: module loaded
Jan 27 12:35:19 CS-3013-VM kernel: [    0.303416] ahci 0000:00:0d.0: version 3.0
Jan 27 12:35:19 CS-3013-VM kernel: [    0.303780] ahci 0000:00:0d.0: SSS flag set, parallel bus scan disabled
Jan 27 12:35:19 CS-3013-VM kernel: [    0.303897] ahci 0000:00:0d.0: AHCI 0001.0100 32 slots 1 ports 3 Gbps 0x1 impl SATA mode
Jan 27 12:35:19 CS-3013-VM kernel: [    0.303900] ahci 0000:00:0d.0: flags: 64bit ncq stag only ccc 
Jan 27 12:35:19 CS-3013-VM kernel: [    0.304158] scsi host0: ahci
Jan 27 12:35:19 CS-3013-VM kernel: [    0.304158] ata1: SATA max UDMA/133 abar m8192@0xf0806000 port 0xf0806100 irq 21
Jan 27 12:35:19 CS-3013-VM kernel: [    0.304158] ata_piix 0000:00:01.1: version 2.13
Jan 27 12:35:19 CS-3013-VM kernel: [    0.305380] scsi host1: ata_piix
Jan 27 12:35:19 CS-3013-VM kernel: [    0.305532] scsi host2: ata_piix
Jan 27 12:35:19 CS-3013-VM kernel: [    0.305564] ata2: PATA max UDMA/33 cmd 0x1f0 ctl 0x3f6 bmdma 0xd000 irq 14
Jan 27 12:35:19 CS-3013-VM kernel: [    0.305565] ata3: PATA max UDMA/33 cmd 0x170 ctl 0x376 bmdma 0xd008 irq 15
Jan 27 12:35:19 CS-3013-VM kernel: [    0.305603] e100: Intel(R) PRO/100 Network Driver, 3.5.24-k2-NAPI
Jan 27 12:35:19 CS-3013-VM kernel: [    0.305604] e100: Copyright(c) 1999-2006 Intel Corporation
Jan 27 12:35:19 CS-3013-VM kernel: [    0.305611] e1000: Intel(R) PRO/1000 Network Driver - version 7.3.21-k8-NAPI
Jan 27 12:35:19 CS-3013-VM kernel: [    0.305612] e1000: Copyright (c) 1999-2006 Intel Corporation.
Jan 27 12:35:19 CS-3013-VM kernel: [    0.464353] ata3.00: ATAPI: VBOX CD-ROM, 1.0, max UDMA/133
Jan 27 12:35:19 CS-3013-VM kernel: [    0.464662] ata3.00: configured for UDMA/33
Jan 27 12:35:19 CS-3013-VM kernel: [    0.618720] ata1: SATA link up 3.0 Gbps (SStatus 123 SControl 300)
Jan 27 12:35:19 CS-3013-VM kernel: [    0.618919] ata1.00: ATA-6: VBOX HARDDISK, 1.0, max UDMA/133
Jan 27 12:35:19 CS-3013-VM kernel: [    0.618921] ata1.00: 83886080 sectors, multi 128: LBA48 NCQ (depth 31/32)
Jan 27 12:35:19 CS-3013-VM kernel: [    0.619262] ata1.00: configured for UDMA/133
Jan 27 12:35:19 CS-3013-VM kernel: [    0.619412] scsi 0:0:0:0: Direct-Access     ATA      VBOX HARDDISK    1.0  PQ: 0 ANSI: 5
Jan 27 12:35:19 CS-3013-VM kernel: [    0.619643] sd 0:0:0:0: Attached scsi generic sg0 type 0
Jan 27 12:35:19 CS-3013-VM kernel: [    0.619674] sd 0:0:0:0: [sda] 83886080 512-byte logical blocks: (42.9 GB/40.0 GiB)
Jan 27 12:35:19 CS-3013-VM kernel: [    0.619687] sd 0:0:0:0: [sda] Write Protect is off
Jan 27 12:35:19 CS-3013-VM kernel: [    0.619689] sd 0:0:0:0: [sda] Mode Sense: 00 3a 00 00
Jan 27 12:35:19 CS-3013-VM kernel: [    0.619709] sd 0:0:0:0: [sda] Write cache: enabled, read cache: enabled, doesn't support DPO or FUA
Jan 27 12:35:19 CS-3013-VM kernel: [    0.620074] scsi 2:0:0:0: CD-ROM            VBOX     CD-ROM           1.0  PQ: 0 ANSI: 5
Jan 27 12:35:19 CS-3013-VM kernel: [    0.631704] sr 2:0:0:0: [sr0] scsi3-mmc drive: 32x/32x xa/form2 tray
Jan 27 12:35:19 CS-3013-VM kernel: [    0.631706] cdrom: Uniform CD-ROM driver Revision: 3.20
Jan 27 12:35:19 CS-3013-VM kernel: [    0.631863] sr 2:0:0:0: Attached scsi CD-ROM sr0
Jan 27 12:35:19 CS-3013-VM kernel: [    0.632083] sr 2:0:0:0: Attached scsi generic sg1 type 5
Jan 27 12:35:19 CS-3013-VM kernel: [    0.636214] e1000 0000:00:03.0 eth0: (PCI:33MHz:32-bit) 08:00:27:1d:f0:ea
Jan 27 12:35:19 CS-3013-VM kernel: [    0.636219] e1000 0000:00:03.0 eth0: Intel(R) PRO/1000 Network Connection
Jan 27 12:35:19 CS-3013-VM kernel: [    0.636249] e1000e: Intel(R) PRO/1000 Network Driver - 3.2.6-k
Jan 27 12:35:19 CS-3013-VM kernel: [    0.636250] e1000e: Copyright(c) 1999 - 2015 Intel Corporation.
Jan 27 12:35:19 CS-3013-VM kernel: [    0.636269] sky2: driver version 1.30
Jan 27 12:35:19 CS-3013-VM kernel: [    0.636375] ehci_hcd: USB 2.0 'Enhanced' Host Controller (EHCI) Driver
Jan 27 12:35:19 CS-3013-VM kernel: [    0.636377] ehci-pci: EHCI PCI platform driver
Jan 27 12:35:19 CS-3013-VM kernel: [    0.636384] ohci_hcd: USB 1.1 'Open' Host Controller (OHCI) Driver
Jan 27 12:35:19 CS-3013-VM kernel: [    0.636387] ohci-pci: OHCI PCI platform driver
Jan 27 12:35:19 CS-3013-VM kernel: [    0.636739] ohci-pci 0000:00:06.0: OHCI PCI host controller
Jan 27 12:35:19 CS-3013-VM kernel: [    0.636847] ohci-pci 0000:00:06.0: new USB bus registered, assigned bus number 1
Jan 27 12:35:19 CS-3013-VM kernel: [    0.636861] ohci-pci 0000:00:06.0: irq 22, io mem 0xf0804000
Jan 27 12:35:19 CS-3013-VM kernel: [    0.673126]  sda: sda1 sda2 < sda5 >
Jan 27 12:35:19 CS-3013-VM kernel: [    0.673853] sd 0:0:0:0: [sda] Attached SCSI disk
Jan 27 12:35:19 CS-3013-VM kernel: [    0.691551] usb usb1: New USB device found, idVendor=1d6b, idProduct=0001
Jan 27 12:35:19 CS-3013-VM kernel: [    0.691553] usb usb1: New USB device strings: Mfr=3, Product=2, SerialNumber=1
Jan 27 12:35:19 CS-3013-VM kernel: [    0.691555] usb usb1: Product: OHCI PCI host controller
Jan 27 12:35:19 CS-3013-VM kernel: [    0.691556] usb usb1: Manufacturer: Linux 4.15.0-rc7project0+ ohci_hcd
Jan 27 12:35:19 CS-3013-VM kernel: [    0.691558] usb usb1: SerialNumber: 0000:00:06.0
Jan 27 12:35:19 CS-3013-VM kernel: [    0.691827] hub 1-0:1.0: USB hub found
Jan 27 12:35:19 CS-3013-VM kernel: [    0.691844] hub 1-0:1.0: 12 ports detected
Jan 27 12:35:19 CS-3013-VM kernel: [    0.692260] uhci_hcd: USB Universal Host Controller Interface driver
Jan 27 12:35:19 CS-3013-VM kernel: [    0.692352] usbcore: registered new interface driver usblp
Jan 27 12:35:19 CS-3013-VM kernel: [    0.692396] usbcore: registered new interface driver usb-storage
Jan 27 12:35:19 CS-3013-VM kernel: [    0.692461] i8042: PNP: PS/2 Controller [PNP0303:PS2K,PNP0f03:PS2M] at 0x60,0x64 irq 1,12
Jan 27 12:35:19 CS-3013-VM kernel: [    0.693194] serio: i8042 KBD port at 0x60,0x64 irq 1
Jan 27 12:35:19 CS-3013-VM kernel: [    0.693199] serio: i8042 AUX port at 0x60,0x64 irq 12
Jan 27 12:35:19 CS-3013-VM kernel: [    0.694327] rtc_cmos rtc_cmos: rtc core: registered rtc_cmos as rtc0
Jan 27 12:35:19 CS-3013-VM kernel: [    0.694387] rtc_cmos rtc_cmos: alarms up to one day, 114 bytes nvram
Jan 27 12:35:19 CS-3013-VM kernel: [    0.694462] input: AT Translated Set 2 keyboard as /devices/platform/i8042/serio0/input/input3
Jan 27 12:35:19 CS-3013-VM kernel: [    0.695197] device-mapper: ioctl: 4.37.0-ioctl (2017-09-20) initialised: dm-devel@redhat.com
Jan 27 12:35:19 CS-3013-VM kernel: [    0.695275] hidraw: raw HID events driver (C) Jiri Kosina
Jan 27 12:35:19 CS-3013-VM kernel: [    0.696095] usbcore: registered new interface driver usbhid
Jan 27 12:35:19 CS-3013-VM kernel: [    0.696096] usbhid: USB HID core driver
Jan 27 12:35:19 CS-3013-VM kernel: [    0.696680] Netfilter messages via NETLINK v0.30.
Jan 27 12:35:19 CS-3013-VM kernel: [    0.696739] nf_conntrack version 0.5.0 (16384 buckets, 65536 max)
Jan 27 12:35:19 CS-3013-VM kernel: [    0.696797] ctnetlink v0.93: registering with nfnetlink.
Jan 27 12:35:19 CS-3013-VM kernel: [    0.696880] ip_tables: (C) 2000-2006 Netfilter Core Team
Jan 27 12:35:19 CS-3013-VM kernel: [    0.697565] Initializing XFRM netlink socket
Jan 27 12:35:19 CS-3013-VM kernel: [    0.700131] NET: Registered protocol family 10
Jan 27 12:35:19 CS-3013-VM kernel: [    0.700439] Segment Routing with IPv6
Jan 27 12:35:19 CS-3013-VM kernel: [    0.700462] ip6_tables: (C) 2000-2006 Netfilter Core Team
Jan 27 12:35:19 CS-3013-VM kernel: [    0.700997] sit: IPv6, IPv4 and MPLS over IPv4 tunneling driver
Jan 27 12:35:19 CS-3013-VM kernel: [    0.701122] NET: Registered protocol family 17
Jan 27 12:35:19 CS-3013-VM kernel: [    0.702001] Key type dns_resolver registered
Jan 27 12:35:19 CS-3013-VM kernel: [    0.704518] sched_clock: Marking stable (704434768, 0)->(833283250, -128848482)
Jan 27 12:35:19 CS-3013-VM kernel: [    0.705363] registered taskstats version 1
Jan 27 12:35:19 CS-3013-VM kernel: [    0.705365] Loading compiled-in X.509 certificates
Jan 27 12:35:19 CS-3013-VM kernel: [    0.705560]   Magic number: 2:830:593
Jan 27 12:35:19 CS-3013-VM kernel: [    0.705614] console [netcon0] enabled
Jan 27 12:35:19 CS-3013-VM kernel: [    0.705615] netconsole: network logging started
Jan 27 12:35:19 CS-3013-VM kernel: [    0.705666] cfg80211: Loading compiled-in X.509 certificates for regulatory database
Jan 27 12:35:19 CS-3013-VM kernel: [    0.707427] cfg80211: Loaded X.509 cert 'sforshee: 00b28ddf47aef9cea7'
Jan 27 12:35:19 CS-3013-VM kernel: [    0.707442] platform regulatory.0: Direct firmware load for regulatory.db failed with error -2
Jan 27 12:35:19 CS-3013-VM kernel: [    0.707444] cfg80211: failed to load regulatory.db
Jan 27 12:35:19 CS-3013-VM kernel: [    0.707461] ALSA device list:
Jan 27 12:35:19 CS-3013-VM kernel: [    0.707462]   No soundcards found.
Jan 27 12:35:19 CS-3013-VM kernel: [    0.708001] Freeing unused kernel memory: 1200K
Jan 27 12:35:19 CS-3013-VM kernel: [    0.708046] Write protecting the kernel read-only data: 18432k
Jan 27 12:35:19 CS-3013-VM kernel: [    0.708471] Freeing unused kernel memory: 2004K
Jan 27 12:35:19 CS-3013-VM kernel: [    0.709874] Freeing unused kernel memory: 1084K
Jan 27 12:35:19 CS-3013-VM kernel: [    0.747462] e1000 0000:00:03.0 enp0s3: renamed from eth0
Jan 27 12:35:19 CS-3013-VM kernel: [    0.781820] ata_id (1073) used greatest stack depth: 13728 bytes left
Jan 27 12:35:19 CS-3013-VM kernel: [    0.908032] input: ImExPS/2 Generic Explorer Mouse as /devices/platform/i8042/serio1/input/input5
Jan 27 12:35:19 CS-3013-VM kernel: [    0.977502] hrtimer: interrupt took 4847544 ns
Jan 27 12:35:19 CS-3013-VM kernel: [    1.094938] usb 1-1: new full-speed USB device number 2 using ohci-pci
Jan 27 12:35:19 CS-3013-VM kernel: [    1.312039] tsc: Refined TSC clocksource calibration: 2594.008 MHz
Jan 27 12:35:19 CS-3013-VM kernel: [    1.312065] clocksource: tsc: mask: 0xffffffffffffffff max_cycles: 0x25641fd0f1e, max_idle_ns: 440795327684 ns
Jan 27 12:35:19 CS-3013-VM kernel: [    1.354110] usb 1-1: New USB device found, idVendor=80ee, idProduct=0021
Jan 27 12:35:19 CS-3013-VM kernel: [    1.354112] usb 1-1: New USB device strings: Mfr=1, Product=3, SerialNumber=0
Jan 27 12:35:19 CS-3013-VM kernel: [    1.354114] usb 1-1: Product: USB Tablet
Jan 27 12:35:19 CS-3013-VM kernel: [    1.354116] usb 1-1: Manufacturer: VirtualBox
Jan 27 12:35:19 CS-3013-VM kernel: [    1.374270] input: VirtualBox USB Tablet as /devices/pci0000:00/0000:00:06.0/usb1/1-1/1-1:1.0/0003:80EE:0021.0001/input/input6
Jan 27 12:35:19 CS-3013-VM kernel: [    1.374637] hid-generic 0003:80EE:0021.0001: input,hidraw0: USB HID v1.10 Mouse [VirtualBox USB Tablet] on usb-0000:00:06.0-1/input0
Jan 27 12:35:19 CS-3013-VM kernel: [    1.891594] EXT4-fs (sda1): mounted filesystem with ordered data mode. Opts: (null)
Jan 27 12:35:19 CS-3013-VM kernel: [    1.923505] random: crng init done
Jan 27 12:35:19 CS-3013-VM kernel: [    2.123449] run-init (1111) used greatest stack depth: 13688 bytes left
Jan 27 12:35:19 CS-3013-VM kernel: [    2.321733] clocksource: Switched to clocksource tsc
Jan 27 12:35:19 CS-3013-VM kernel: [    5.523660] grep (1142) used greatest stack depth: 13568 bytes left
Jan 27 12:35:19 CS-3013-VM kernel: [    5.741832] loadkeys (1131) used greatest stack depth: 13504 bytes left
Jan 27 12:35:19 CS-3013-VM kernel: [    6.373063] EXT4-fs (sda1): re-mounted. Opts: errors=remount-ro
Jan 27 12:35:19 CS-3013-VM kernel: [    9.661649] snap (1227) used greatest stack depth: 13352 bytes left
Jan 27 12:35:19 CS-3013-VM kernel: [   10.155641] Adding 8386556k swap on /dev/sda5.  Priority:-2 extents:1 across:8386556k 
Jan 27 12:35:19 CS-3013-VM ModemManager[1516]: <info>  ModemManager (version 1.4.12) starting in system bus...
Jan 27 12:35:19 CS-3013-VM cron[1510]: (CRON) INFO (Running @reboot jobs)
Jan 27 12:35:19 CS-3013-VM snapd[1508]: AppArmor status: apparmor not enabled
Jan 27 12:35:19 CS-3013-VM snapd[1508]: 2018/01/27 12:35:19.946148 daemon.go:306: started snapd/2.29.4.2 (series 16; classic; devmode) ubuntu/16.04 (amd64) linux/4.15.0-rc7project0.
Jan 27 12:35:21 CS-3013-VM snapd[1508]: 2018/01/27 12:35:21.127414 stateengine.go:98: state ensure error: Get https://api.snapcraft.io/api/v1/snaps/sections: dial tcp: lookup api.snapcraft.io on [::1]:53: read udp [::1]:33265->[::1]:53: read: connection refused
Jan 27 12:35:21 CS-3013-VM gpu-manager[1507]: update-alternatives: error: no alternatives for x86_64-linux-gnu_gfxcore_conf
Jan 27 12:35:21 CS-3013-VM vboxadd[1515]: VirtualBox Guest Additions: Building the VirtualBox Guest Additions kernel modules.
Jan 27 12:35:21 CS-3013-VM avahi-daemon[1521]: Successfully called chroot().
Jan 27 12:35:21 CS-3013-VM avahi-daemon[1521]: Successfully dropped remaining capabilities.
Jan 27 12:35:21 CS-3013-VM dbus[1525]: [system] Successfully activated service 'org.freedesktop.systemd1'
Jan 27 12:35:21 CS-3013-VM systemd[1]: Started Avahi mDNS/DNS-SD Stack.
Jan 27 12:35:21 CS-3013-VM systemd[1]: Started Make remote CUPS printers available locally.
Jan 27 12:35:21 CS-3013-VM systemd[1]: Starting Network Manager...
Jan 27 12:35:21 CS-3013-VM systemd[1]: Started System Logging Service.
Jan 27 12:35:21 CS-3013-VM systemd[1]: Started Snappy daemon.
Jan 27 12:35:21 CS-3013-VM systemd[1]: Received SIGRTMIN+20 from PID 1223 (plymouthd).
Jan 27 12:35:21 CS-3013-VM systemd[1]: Started Restore /etc/resolv.conf if the system crashed before the ppp link was shut down.
Jan 27 12:35:21 CS-3013-VM systemd[1]: Started Detect the available GPUs and deal with any system changes.
Jan 27 12:35:21 CS-3013-VM systemd[1]: Started Permit User Sessions.
Jan 27 12:35:21 CS-3013-VM apport[1506]:  * Starting automatic crash report generation: apport
Jan 27 12:35:21 CS-3013-VM systemd[1]: Started Thermal Daemon Service.
Jan 27 12:35:21 CS-3013-VM systemd[1]: Started Login Service.
Jan 27 12:35:21 CS-3013-VM avahi-daemon[1521]: No service file found in /etc/avahi/services.
Jan 27 12:35:21 CS-3013-VM speech-dispatcher[1514]:  * speech-dispatcher disabled; edit /etc/default/speech-dispatcher
Jan 27 12:35:21 CS-3013-VM systemd[1]: Started LSB: Speech Dispatcher.
Jan 27 12:35:21 CS-3013-VM thermald[1513]: NO RAPL sysfs present
Jan 27 12:35:21 CS-3013-VM thermald[1513]: 13 CPUID levels; family:model:stepping 0x6:3c:3 (6:60:3)
Jan 27 12:35:21 CS-3013-VM thermald[1513]: Polling mode is enabled: 4
Jan 27 12:35:21 CS-3013-VM thermald[1513]: Thermal DTS: No coretemp sysfs found
Jan 27 12:35:21 CS-3013-VM avahi-daemon[1521]: Network interface enumeration completed.
Jan 27 12:35:21 CS-3013-VM avahi-daemon[1521]: Server startup complete. Host name is CS-3013-VM.local. Local service cookie is 3786314380.
Jan 27 12:35:21 CS-3013-VM dbus[1525]: [system] Activating via systemd: service name='org.freedesktop.PolicyKit1' unit='polkitd.service'
Jan 27 12:35:21 CS-3013-VM systemd[1]: Starting Authenticate and Authorize Users to Run Privileged Tasks...
Jan 27 12:35:22 CS-3013-VM systemd[1]: Started LSB: Record successful boot for GRUB.
Jan 27 12:35:22 CS-3013-VM thermald[1513]: Thermal DTS or hwmon: No Zones present Need to configure manually
Jan 27 12:35:22 CS-3013-VM thermald[1513]: No thermal sensors found
Jan 27 12:35:22 CS-3013-VM thermald[1513]: THD engine start failed
Jan 27 12:35:22 CS-3013-VM irqbalance[1518]:  * Starting SMP IRQ Balancer: irqbalance
Jan 27 12:35:22 CS-3013-VM apport[1506]:    ...done.
Jan 27 12:35:22 CS-3013-VM systemd[1]: Started LSB: automatic crash report generation.
Jan 27 12:35:22 CS-3013-VM systemd[1]: Started LSB: Set the CPU Frequency Scaling governor to "ondemand".
Jan 27 12:35:22 CS-3013-VM irqbalance[1518]:    ...done.
Jan 27 12:35:22 CS-3013-VM systemd[1]: Started LSB: daemon to balance interrupts for SMP systems.
Jan 27 12:35:22 CS-3013-VM NetworkManager[1603]: <info>  [1517074522.6827] NetworkManager (version 1.2.6) is starting...
Jan 27 12:35:22 CS-3013-VM NetworkManager[1603]: <info>  [1517074522.7076] Read config: /etc/NetworkManager/NetworkManager.conf (etc: default-wifi-powersave-on.conf)
Jan 27 12:35:22 CS-3013-VM NetworkManager[1603]: <info>  [1517074522.7456] manager[0x279c1c0]: monitoring kernel firmware directory '/lib/firmware'.
Jan 27 12:35:22 CS-3013-VM NetworkManager[1603]: <info>  [1517074522.7457] monitoring ifupdown state file '/run/network/ifstate'.
Jan 27 12:35:22 CS-3013-VM NetworkManager[1603]: <info>  [1517074522.8115] dns-mgr[0x277b950]: init: dns=dnsmasq, rc-manager=resolvconf, plugin=dnsmasq
Jan 27 12:35:22 CS-3013-VM systemd[1]: Started Network Manager.
Jan 27 12:35:22 CS-3013-VM systemd[1]: Starting Network Manager Wait Online...
Jan 27 12:35:22 CS-3013-VM systemd[1]: Reached target Network.
Jan 27 12:35:22 CS-3013-VM systemd[1]: Started Unattended Upgrades Shutdown.
Jan 27 12:35:22 CS-3013-VM dbus[1525]: [system] Activating via systemd: service name='org.freedesktop.nm_dispatcher' unit='dbus-org.freedesktop.nm-dispatcher.service'
Jan 27 12:35:22 CS-3013-VM systemd[1]: Starting Network Manager Script Dispatcher Service...
Jan 27 12:35:23 CS-3013-VM polkitd[1628]: started daemon version 0.105 using authority implementation `local' version `0.105'
Jan 27 12:35:23 CS-3013-VM dbus[1525]: [system] Successfully activated service 'org.freedesktop.PolicyKit1'
Jan 27 12:35:23 CS-3013-VM systemd[1]: Started Authenticate and Authorize Users to Run Privileged Tasks.
Jan 27 12:35:23 CS-3013-VM accounts-daemon[1519]: started daemon version 0.6.40
Jan 27 12:35:23 CS-3013-VM systemd[1]: Started Accounts Service.
Jan 27 12:35:23 CS-3013-VM systemd[1]: Started Modem Manager.
Jan 27 12:35:23 CS-3013-VM dbus[1525]: [system] Successfully activated service 'org.freedesktop.nm_dispatcher'
Jan 27 12:35:23 CS-3013-VM systemd[1]: Started Network Manager Script Dispatcher Service.
Jan 27 12:35:23 CS-3013-VM NetworkManager[1603]: <info>  [1517074523.3606] init!
Jan 27 12:35:23 CS-3013-VM NetworkManager[1603]: <info>  [1517074523.3608] management mode: unmanaged
Jan 27 12:35:23 CS-3013-VM NetworkManager[1603]: <info>  [1517074523.3612] devices added (path: /sys/devices/pci0000:00/0000:00:03.0/net/enp0s3, iface: enp0s3)
Jan 27 12:35:23 CS-3013-VM NetworkManager[1603]: <info>  [1517074523.3612] device added (path: /sys/devices/pci0000:00/0000:00:03.0/net/enp0s3, iface: enp0s3): no ifupdown configuration found.
Jan 27 12:35:23 CS-3013-VM NetworkManager[1603]: <info>  [1517074523.3612] devices added (path: /sys/devices/virtual/net/lo, iface: lo)
Jan 27 12:35:23 CS-3013-VM NetworkManager[1603]: <info>  [1517074523.3613] device added (path: /sys/devices/virtual/net/lo, iface: lo): no ifupdown configuration found.
Jan 27 12:35:23 CS-3013-VM NetworkManager[1603]: <info>  [1517074523.3613] devices added (path: /sys/devices/virtual/net/sit0, iface: sit0)
Jan 27 12:35:23 CS-3013-VM NetworkManager[1603]: <info>  [1517074523.3613] device added (path: /sys/devices/virtual/net/sit0, iface: sit0): no ifupdown configuration found.
Jan 27 12:35:23 CS-3013-VM NetworkManager[1603]: <info>  [1517074523.3613] end _init.
Jan 27 12:35:23 CS-3013-VM NetworkManager[1603]: <info>  [1517074523.3613] settings: loaded plugin ifupdown: (C) 2008 Canonical Ltd.  To report bugs please use the NetworkManager mailing list. (/usr/lib/x86_64-linux-gnu/NetworkManager/libnm-settings-plugin-ifupdown.so)
Jan 27 12:35:23 CS-3013-VM NetworkManager[1603]: <info>  [1517074523.3613] settings: loaded plugin keyfile: (c) 2007 - 2015 Red Hat, Inc.  To report bugs please use the NetworkManager mailing list.
Jan 27 12:35:23 CS-3013-VM NetworkManager[1603]: <info>  [1517074523.5061] SettingsPlugin-Ofono: init!
Jan 27 12:35:23 CS-3013-VM NetworkManager[1603]: <warn>  [1517074523.5062] SettingsPlugin-Ofono: file doesn't exist: /var/lib/ofono
Jan 27 12:35:23 CS-3013-VM NetworkManager[1603]: <info>  [1517074523.5062] SettingsPlugin-Ofono: end _init.
Jan 27 12:35:23 CS-3013-VM NetworkManager[1603]: <info>  [1517074523.5062] settings: loaded plugin ofono: (C) 2013-2016 Canonical Ltd.  To report bugs please use the NetworkManager mailing list. (/usr/lib/x86_64-linux-gnu/NetworkManager/libnm-settings-plugin-ofono.so)
Jan 27 12:35:23 CS-3013-VM NetworkManager[1603]: <info>  [1517074523.5062] (41654176) ... get_connections.
Jan 27 12:35:23 CS-3013-VM NetworkManager[1603]: <info>  [1517074523.5062] (41654176) ... get_connections (managed=false): return empty list.
Jan 27 12:35:23 CS-3013-VM NetworkManager[1603]: <info>  [1517074523.5333] SettingsPlugin-Ofono: (41654400) ... get_connections.
Jan 27 12:35:23 CS-3013-VM NetworkManager[1603]: <info>  [1517074523.5334] SettingsPlugin-Ofono: (41654400) connections count: 0
Jan 27 12:35:23 CS-3013-VM NetworkManager[1603]: <info>  [1517074523.5334] get unmanaged devices count: 0
Jan 27 12:35:23 CS-3013-VM dbus[1525]: [system] Activating via systemd: service name='org.freedesktop.hostname1' unit='dbus-org.freedesktop.hostname1.service'
Jan 27 12:35:23 CS-3013-VM systemd[1]: Starting Hostname Service...
Jan 27 12:35:23 CS-3013-VM dbus[1525]: [system] Successfully activated service 'org.freedesktop.hostname1'
Jan 27 12:35:23 CS-3013-VM systemd[1]: Started Hostname Service.
Jan 27 12:35:23 CS-3013-VM NetworkManager[1603]: <info>  [1517074523.6591] settings: hostname: using hostnamed
Jan 27 12:35:23 CS-3013-VM NetworkManager[1603]: <info>  [1517074523.6592] settings: hostname changed from (none) to "CS-3013-VM"
Jan 27 12:35:23 CS-3013-VM NetworkManager[1603]: <info>  [1517074523.6594] Using DHCP client 'dhclient'
Jan 27 12:35:23 CS-3013-VM NetworkManager[1603]: <info>  [1517074523.6594] manager: WiFi enabled by radio killswitch; enabled by state file
Jan 27 12:35:23 CS-3013-VM NetworkManager[1603]: <info>  [1517074523.6594] manager: WWAN enabled by radio killswitch; enabled by state file
Jan 27 12:35:23 CS-3013-VM NetworkManager[1603]: <info>  [1517074523.6595] manager: Networking is enabled by state file
Jan 27 12:35:23 CS-3013-VM NetworkManager[1603]: <info>  [1517074523.6595] Loaded device plugin: NMVxlanFactory (internal)
Jan 27 12:35:23 CS-3013-VM NetworkManager[1603]: <info>  [1517074523.6595] Loaded device plugin: NMVlanFactory (internal)
Jan 27 12:35:23 CS-3013-VM NetworkManager[1603]: <info>  [1517074523.6595] Loaded device plugin: NMVethFactory (internal)
Jan 27 12:35:23 CS-3013-VM NetworkManager[1603]: <info>  [1517074523.6596] Loaded device plugin: NMTunFactory (internal)
Jan 27 12:35:23 CS-3013-VM NetworkManager[1603]: <info>  [1517074523.6596] Loaded device plugin: NMMacvlanFactory (internal)
Jan 27 12:35:23 CS-3013-VM NetworkManager[1603]: <info>  [1517074523.6596] Loaded device plugin: NMIPTunnelFactory (internal)
Jan 27 12:35:23 CS-3013-VM nm-dispatcher: req:1 'hostname': new request (1 scripts)
Jan 27 12:35:23 CS-3013-VM NetworkManager[1603]: <info>  [1517074523.6596] Loaded device plugin: NMInfinibandFactory (internal)
Jan 27 12:35:23 CS-3013-VM nm-dispatcher: req:1 'hostname': start running ordered scripts...
Jan 27 12:35:23 CS-3013-VM NetworkManager[1603]: <info>  [1517074523.6596] Loaded device plugin: NMEthernetFactory (internal)
Jan 27 12:35:23 CS-3013-VM NetworkManager[1603]: <info>  [1517074523.6597] Loaded device plugin: NMBridgeFactory (internal)
Jan 27 12:35:23 CS-3013-VM NetworkManager[1603]: <info>  [1517074523.6597] Loaded device plugin: NMBondFactory (internal)
Jan 27 12:35:23 CS-3013-VM NetworkManager[1603]: <info>  [1517074523.7864] Loaded device plugin: NMWifiFactory (/usr/lib/x86_64-linux-gnu/NetworkManager/libnm-device-plugin-wifi.so)
Jan 27 12:35:23 CS-3013-VM NetworkManager[1603]: <info>  [1517074523.7941] Loaded device plugin: NMAtmManager (/usr/lib/x86_64-linux-gnu/NetworkManager/libnm-device-plugin-adsl.so)
Jan 27 12:35:23 CS-3013-VM NetworkManager[1603]: <info>  [1517074523.8111] Loaded device plugin: NMWwanFactory (/usr/lib/x86_64-linux-gnu/NetworkManager/libnm-device-plugin-wwan.so)
Jan 27 12:35:23 CS-3013-VM NetworkManager[1603]: <info>  [1517074523.8244] Loaded device plugin: NMBluezManager (/usr/lib/x86_64-linux-gnu/NetworkManager/libnm-device-plugin-bluetooth.so)
Jan 27 12:35:23 CS-3013-VM NetworkManager[1603]: <info>  [1517074523.8350] manager: (sit0): new IPTunnel device (/org/freedesktop/NetworkManager/Devices/0)
Jan 27 12:35:23 CS-3013-VM NetworkManager[1603]: <info>  [1517074523.8360] manager: (enp0s3): new Ethernet device (/org/freedesktop/NetworkManager/Devices/1)
Jan 27 12:35:23 CS-3013-VM NetworkManager[1603]: <info>  [1517074523.8370] keyfile: add connection in-memory (f60ab23c-c375-3fb8-8cdd-c1ea24e4e943,"Wired connection 1")
Jan 27 12:35:23 CS-3013-VM NetworkManager[1603]: <info>  [1517074523.8725] settings: (enp0s3): created default wired connection 'Wired connection 1'
Jan 27 12:35:23 CS-3013-VM NetworkManager[1603]: <info>  [1517074523.8734] device (enp0s3): state change: unmanaged -> unavailable (reason 'managed') [10 20 2]
Jan 27 12:35:23 CS-3013-VM kernel: [   16.873681] IPv6: ADDRCONF(NETDEV_UP): enp0s3: link is not ready
Jan 27 12:35:23 CS-3013-VM kernel: [   16.874872] IPv6: ADDRCONF(NETDEV_UP): enp0s3: link is not ready
Jan 27 12:35:23 CS-3013-VM NetworkManager[1603]: nm_device_get_device_type: assertion 'NM_IS_DEVICE (self)' failed
Jan 27 12:35:23 CS-3013-VM NetworkManager[1603]: <info>  [1517074523.8753] device (lo): link connected
Jan 27 12:35:23 CS-3013-VM kernel: [   16.876459] e1000: enp0s3 NIC Link is Up 1000 Mbps Full Duplex, Flow Control: RX
Jan 27 12:35:23 CS-3013-VM kernel: [   16.876681] IPv6: ADDRCONF(NETDEV_CHANGE): enp0s3: link becomes ready
Jan 27 12:35:23 CS-3013-VM NetworkManager[1603]: <info>  [1517074523.8774] manager: (lo): new Generic device (/org/freedesktop/NetworkManager/Devices/2)
Jan 27 12:35:23 CS-3013-VM NetworkManager[1603]: <info>  [1517074523.9319] device (enp0s3): link connected
Jan 27 12:35:23 CS-3013-VM NetworkManager[1603]: <info>  [1517074523.9333] urfkill disappeared from the bus
Jan 27 12:35:23 CS-3013-VM NetworkManager[1603]: <info>  [1517074523.9340] device (enp0s3): state change: unavailable -> disconnected (reason 'carrier-changed') [20 30 40]
Jan 27 12:35:23 CS-3013-VM NetworkManager[1603]: <info>  [1517074523.9358] policy: auto-activating connection 'Wired connection 1'
Jan 27 12:35:23 CS-3013-VM NetworkManager[1603]: <info>  [1517074523.9367] ofono is now available
Jan 27 12:35:23 CS-3013-VM NetworkManager[1603]: <info>  [1517074523.9368] ModemManager available in the bus
Jan 27 12:35:23 CS-3013-VM NetworkManager[1603]: <info>  [1517074523.9373] device (enp0s3): Activation: starting connection 'Wired connection 1' (f60ab23c-c375-3fb8-8cdd-c1ea24e4e943)
Jan 27 12:35:23 CS-3013-VM NetworkManager[1603]: <warn>  [1517074523.9374] failed to enumerate oFono devices: GDBus.Error:org.freedesktop.DBus.Error.ServiceUnknown: The name org.ofono was not provided by any .service files
Jan 27 12:35:23 CS-3013-VM NetworkManager[1603]: <info>  [1517074523.9376] device (enp0s3): state change: disconnected -> prepare (reason 'none') [30 40 0]
Jan 27 12:35:23 CS-3013-VM NetworkManager[1603]: <info>  [1517074523.9378] manager: NetworkManager state is now CONNECTING
Jan 27 12:35:23 CS-3013-VM NetworkManager[1603]: <info>  [1517074523.9384] device (enp0s3): state change: prepare -> config (reason 'none') [40 50 0]
Jan 27 12:35:23 CS-3013-VM NetworkManager[1603]: <info>  [1517074523.9392] device (enp0s3): state change: config -> ip-config (reason 'none') [50 70 0]
Jan 27 12:35:23 CS-3013-VM NetworkManager[1603]: <info>  [1517074523.9515] dhcp4 (enp0s3): activation: beginning transaction (timeout in 45 seconds)
Jan 27 12:35:24 CS-3013-VM NetworkManager[1603]: <info>  [1517074524.1139] dhcp4 (enp0s3): dhclient started with pid 1673
Jan 27 12:35:24 CS-3013-VM dhclient[1673]: DHCPREQUEST of 10.0.2.15 on enp0s3 to 255.255.255.255 port 67 (xid=0x53ef609d)
Jan 27 12:35:24 CS-3013-VM dhclient[1673]: DHCPACK of 10.0.2.15 from 10.0.2.2
Jan 27 12:35:24 CS-3013-VM NetworkManager[1603]: <info>  [1517074524.4838]   address 10.0.2.15
Jan 27 12:35:24 CS-3013-VM NetworkManager[1603]: <info>  [1517074524.4838]   plen 24 (255.255.255.0)
Jan 27 12:35:24 CS-3013-VM NetworkManager[1603]: <info>  [1517074524.4838]   gateway 10.0.2.2
Jan 27 12:35:24 CS-3013-VM NetworkManager[1603]: <info>  [1517074524.4838]   server identifier 10.0.2.2
Jan 27 12:35:24 CS-3013-VM NetworkManager[1603]: <info>  [1517074524.4838]   lease time 86400
Jan 27 12:35:24 CS-3013-VM NetworkManager[1603]: <info>  [1517074524.4839]   nameserver '130.215.41.1'
Jan 27 12:35:24 CS-3013-VM NetworkManager[1603]: <info>  [1517074524.4839]   nameserver '130.215.41.2'
Jan 27 12:35:24 CS-3013-VM NetworkManager[1603]: <info>  [1517074524.4839]   nameserver '130.215.41.3'
Jan 27 12:35:24 CS-3013-VM NetworkManager[1603]: <info>  [1517074524.4839]   domain name 'wifi.wpi.edu'
Jan 27 12:35:24 CS-3013-VM NetworkManager[1603]: <info>  [1517074524.4839] dhcp4 (enp0s3): state changed unknown -> bound
Jan 27 12:35:24 CS-3013-VM NetworkManager[1603]: <info>  [1517074524.4846] device (enp0s3): state change: ip-config -> ip-check (reason 'none') [70 80 0]
Jan 27 12:35:24 CS-3013-VM NetworkManager[1603]: <info>  [1517074524.4849] device (enp0s3): state change: ip-check -> secondaries (reason 'none') [80 90 0]
Jan 27 12:35:24 CS-3013-VM NetworkManager[1603]: <info>  [1517074524.4852] device (enp0s3): state change: secondaries -> activated (reason 'none') [90 100 0]
Jan 27 12:35:24 CS-3013-VM NetworkManager[1603]: <info>  [1517074524.4853] manager: NetworkManager state is now CONNECTED_LOCAL
Jan 27 12:35:24 CS-3013-VM avahi-daemon[1521]: Joining mDNS multicast group on interface enp0s3.IPv4 with address 10.0.2.15.
Jan 27 12:35:24 CS-3013-VM avahi-daemon[1521]: New relevant interface enp0s3.IPv4 for mDNS.
Jan 27 12:35:24 CS-3013-VM avahi-daemon[1521]: Registering new address record for 10.0.2.15 on enp0s3.IPv4.
Jan 27 12:35:24 CS-3013-VM NetworkManager[1603]: <info>  [1517074524.4954] manager: NetworkManager state is now CONNECTED_GLOBAL
Jan 27 12:35:24 CS-3013-VM NetworkManager[1603]: <info>  [1517074524.4955] policy: set 'Wired connection 1' (enp0s3) as default for IPv4 routing and DNS
Jan 27 12:35:24 CS-3013-VM NetworkManager[1603]: <info>  [1517074524.4962] dns-plugin[0x27aa500]: starting dnsmasq...
Jan 27 12:35:24 CS-3013-VM dhclient[1673]: bound to 10.0.2.15 -- renewal in 33962 seconds.
Jan 27 12:35:24 CS-3013-VM NetworkManager[1603]: <info>  [1517074524.6470] dns-mgr: Writing DNS information to /sbin/resolvconf
Jan 27 12:35:24 CS-3013-VM dnsmasq[1703]: started, version 2.75 cache disabled
Jan 27 12:35:24 CS-3013-VM dnsmasq[1703]: compile time options: IPv6 GNU-getopt DBus i18n IDN DHCP DHCPv6 no-Lua TFTP conntrack ipset auth DNSSEC loop-detect inotify
Jan 27 12:35:24 CS-3013-VM dnsmasq[1703]: DBus support enabled: connected to system bus
Jan 27 12:35:24 CS-3013-VM dnsmasq[1703]: warning: no upstream servers configured
Jan 27 12:35:25 CS-3013-VM ModemManager[1516]: <info>  Couldn't find support for device at '/sys/devices/pci0000:00/0000:00:03.0': not supported by any plugin
Jan 27 12:35:25 CS-3013-VM NetworkManager[1603]: <info>  [1517074525.3197] device (enp0s3): Activation: successful, device activated.
Jan 27 12:35:25 CS-3013-VM nm-dispatcher: req:2 'up' [enp0s3]: new request (1 scripts)
Jan 27 12:35:25 CS-3013-VM nm-dispatcher: req:2 'up' [enp0s3]: start running ordered scripts...
Jan 27 12:35:25 CS-3013-VM NetworkManager[1603]: <info>  [1517074525.3220] dnsmasq[0x27aa500]: dnsmasq appeared as :1.22
Jan 27 12:35:25 CS-3013-VM dnsmasq[1703]: setting upstream servers from DBus
Jan 27 12:35:25 CS-3013-VM dnsmasq[1703]: using nameserver 130.215.41.1#53(via enp0s3)
Jan 27 12:35:25 CS-3013-VM dnsmasq[1703]: using nameserver 130.215.41.2#53(via enp0s3)
Jan 27 12:35:25 CS-3013-VM dnsmasq[1703]: using nameserver 130.215.41.3#53(via enp0s3)
Jan 27 12:35:25 CS-3013-VM avahi-daemon[1521]: Joining mDNS multicast group on interface enp0s3.IPv6 with address fe80::f8b8:4f0a:7c5f:6601.
Jan 27 12:35:25 CS-3013-VM avahi-daemon[1521]: New relevant interface enp0s3.IPv6 for mDNS.
Jan 27 12:35:25 CS-3013-VM avahi-daemon[1521]: Registering new address record for fe80::f8b8:4f0a:7c5f:6601 on enp0s3.*.
Jan 27 12:35:29 CS-3013-VM NetworkManager[1603]: <info>  [1517074529.0031] manager: startup complete
Jan 27 12:35:29 CS-3013-VM systemd[1]: Started Network Manager Wait Online.
Jan 27 12:35:29 CS-3013-VM systemd[1]: Reached target Network is Online.
Jan 27 12:35:29 CS-3013-VM systemd[1]: Starting /etc/rc.local Compatibility...
Jan 27 12:35:29 CS-3013-VM systemd[1]: Started Daily apt download activities.
Jan 27 12:35:29 CS-3013-VM systemd[1]: Started Daily apt upgrade and clean activities.
Jan 27 12:35:29 CS-3013-VM systemd[1]: Reached target Timers.
Jan 27 12:35:29 CS-3013-VM systemd[1]: Started crash report submission daemon.
Jan 27 12:35:29 CS-3013-VM systemd[1]: Started /etc/rc.local Compatibility.
Jan 27 12:35:29 CS-3013-VM systemd[1]: Starting Hold until boot process finishes up...
Jan 27 12:35:29 CS-3013-VM whoopsie[2372]: [12:35:29] Using lock path: /var/lock/whoopsie/lock
Jan 27 12:35:29 CS-3013-VM whoopsie[2372]: [12:35:29] The default IPv4 route is: /org/freedesktop/NetworkManager/ActiveConnection/0
Jan 27 12:35:29 CS-3013-VM whoopsie[2372]: [12:35:29] Not a paid data plan: /org/freedesktop/NetworkManager/ActiveConnection/0
Jan 27 12:35:29 CS-3013-VM whoopsie[2372]: [12:35:29] Found usable connection: /org/freedesktop/NetworkManager/ActiveConnection/0
Jan 27 12:35:31 CS-3013-VM vboxadd[1515]: VirtualBox Guest Additions: Look at /var/log/vboxadd-setup.log to find out what went wrong
Jan 27 12:35:31 CS-3013-VM vboxadd[1515]: modprobe vboxguest failed
Jan 27 12:35:31 CS-3013-VM vboxadd[1515]: The log file /var/log/vboxadd-setup.log may contain further information.
Jan 27 12:35:31 CS-3013-VM systemd[1]: vboxadd.service: Main process exited, code=exited, status=1/FAILURE
Jan 27 12:35:31 CS-3013-VM systemd[1]: Failed to start vboxadd.service.
Jan 27 12:35:31 CS-3013-VM systemd[1]: vboxadd.service: Unit entered failed state.
Jan 27 12:35:31 CS-3013-VM systemd[1]: vboxadd.service: Failed with result 'exit-code'.
Jan 27 12:35:31 CS-3013-VM systemd[1]: Starting Light Display Manager...
Jan 27 12:35:31 CS-3013-VM systemd[1]: Starting vboxadd-service.service...
Jan 27 12:35:31 CS-3013-VM vboxadd-service[2460]: vboxadd-service.sh: Starting VirtualBox Guest Addition service.
Jan 27 12:35:31 CS-3013-VM vboxadd-service.sh: Starting VirtualBox Guest Addition service.
Jan 27 12:35:31 CS-3013-VM vboxadd-service[2460]: VirtualBox Additions module not loaded!
Jan 27 12:35:31 CS-3013-VM systemd[1]: vboxadd-service.service: Control process exited, code=exited status=1
Jan 27 12:35:31 CS-3013-VM systemd[1]: Failed to start vboxadd-service.service.
Jan 27 12:35:31 CS-3013-VM systemd[1]: vboxadd-service.service: Unit entered failed state.
Jan 27 12:35:31 CS-3013-VM systemd[1]: vboxadd-service.service: Failed with result 'exit-code'.
Jan 27 12:35:31 CS-3013-VM systemd[1]: Received SIGRTMIN+21 from PID 1223 (plymouthd).
Jan 27 12:35:31 CS-3013-VM systemd[1]: Started Hold until boot process finishes up.
Jan 27 12:35:31 CS-3013-VM systemd[1]: Started Getty on tty1.
Jan 27 12:35:31 CS-3013-VM systemd[1]: Reached target Login Prompts.
Jan 27 12:35:31 CS-3013-VM systemd[1]: Reached target Multi-User System.
Jan 27 12:35:31 CS-3013-VM systemd[1]: Starting Set console scheme...
Jan 27 12:35:31 CS-3013-VM systemd[1]: Started Light Display Manager.
Jan 27 12:35:31 CS-3013-VM systemd[1]: Reached target Graphical Interface.
Jan 27 12:35:31 CS-3013-VM systemd[1]: Starting Update UTMP about System Runlevel Changes...
Jan 27 12:35:31 CS-3013-VM systemd[1]: Started Update UTMP about System Runlevel Changes.
Jan 27 12:35:32 CS-3013-VM systemd[1]: Started Set console scheme.
Jan 27 12:35:32 CS-3013-VM systemd[1]: Startup finished in 3.067s (kernel) + 21.997s (userspace) = 25.064s.
Jan 27 12:35:33 CS-3013-VM NetworkManager[1603]: <info>  [1517074533.0052] manager: WiFi hardware radio set enabled
Jan 27 12:35:33 CS-3013-VM NetworkManager[1603]: <info>  [1517074533.0053] manager: WWAN hardware radio set enabled
Jan 27 12:35:34 CS-3013-VM systemd[1]: Created slice User Slice of lightdm.
Jan 27 12:35:34 CS-3013-VM systemd[1]: Starting User Manager for UID 108...
Jan 27 12:35:34 CS-3013-VM systemd[1]: Started Session c1 of user lightdm.
Jan 27 12:35:34 CS-3013-VM systemd[2510]: Reached target Sockets.
Jan 27 12:35:34 CS-3013-VM systemd[2510]: Reached target Timers.
Jan 27 12:35:34 CS-3013-VM systemd[2510]: Reached target Paths.
Jan 27 12:35:34 CS-3013-VM systemd[2510]: Reached target Basic System.
Jan 27 12:35:34 CS-3013-VM systemd[2510]: Reached target Default.
Jan 27 12:35:34 CS-3013-VM systemd[2510]: Startup finished in 86ms.
Jan 27 12:35:34 CS-3013-VM systemd[1]: Started User Manager for UID 108.
Jan 27 12:35:36 CS-3013-VM org.a11y.atspi.Registry[2531]: SpiRegistry daemon is running with well-known name - org.a11y.atspi.Registry
Jan 27 12:35:39 CS-3013-VM dbus[1525]: [system] Activating via systemd: service name='org.bluez' unit='dbus-org.bluez.service'
Jan 27 12:35:39 CS-3013-VM dbus[1525]: [system] Activating via systemd: service name='org.freedesktop.UPower' unit='upower.service'
Jan 27 12:35:39 CS-3013-VM systemd[1]: Starting Daemon for power management...
Jan 27 12:35:39 CS-3013-VM dbus[1525]: [system] Successfully activated service 'org.freedesktop.UPower'
Jan 27 12:35:39 CS-3013-VM systemd[1]: Started Daemon for power management.
Jan 27 12:35:40 CS-3013-VM dbus[1525]: [system] Activating via systemd: service name='org.freedesktop.RealtimeKit1' unit='rtkit-daemon.service'
Jan 27 12:35:40 CS-3013-VM systemd[1]: Starting RealtimeKit Scheduling Policy Service...
Jan 27 12:35:40 CS-3013-VM dbus[1525]: [system] Activating via systemd: service name='org.freedesktop.ColorManager' unit='colord.service'
Jan 27 12:35:40 CS-3013-VM systemd[1]: Starting Manage, Install and Generate Color Profiles...
Jan 27 12:35:40 CS-3013-VM dbus[1525]: [system] Successfully activated service 'org.freedesktop.RealtimeKit1'
Jan 27 12:35:40 CS-3013-VM systemd[1]: Started RealtimeKit Scheduling Policy Service.
Jan 27 12:35:40 CS-3013-VM rtkit-daemon[2645]: Successfully called chroot.
Jan 27 12:35:40 CS-3013-VM rtkit-daemon[2645]: Successfully dropped privileges.
Jan 27 12:35:40 CS-3013-VM rtkit-daemon[2645]: Successfully limited resources.
Jan 27 12:35:40 CS-3013-VM rtkit-daemon[2645]: Running.
Jan 27 12:35:40 CS-3013-VM rtkit-daemon[2645]: Watchdog thread running.
Jan 27 12:35:40 CS-3013-VM rtkit-daemon[2645]: Canary thread running.
Jan 27 12:35:40 CS-3013-VM rtkit-daemon[2645]: Successfully made thread 2644 of process 2644 (n/a) owned by '108' high priority at nice level -11.
Jan 27 12:35:40 CS-3013-VM rtkit-daemon[2645]: Supervising 1 threads of 1 processes of 1 users.
Jan 27 12:35:40 CS-3013-VM rtkit-daemon[2645]: Successfully made thread 2652 of process 2652 (n/a) owned by '108' high priority at nice level -11.
Jan 27 12:35:40 CS-3013-VM rtkit-daemon[2645]: Supervising 2 threads of 2 processes of 1 users.
Jan 27 12:35:40 CS-3013-VM pulseaudio[2652]: [pulseaudio] pid.c: Daemon already running.
Jan 27 12:35:40 CS-3013-VM dbus[1525]: [system] Successfully activated service 'org.freedesktop.ColorManager'
Jan 27 12:35:40 CS-3013-VM systemd[1]: Started Manage, Install and Generate Color Profiles.
Jan 27 12:35:43 CS-3013-VM org.gtk.vfs.Daemon[2523]: A connection to the bus can't be made
Jan 27 12:35:43 CS-3013-VM systemd[1]: Created slice User Slice of kylesavell.
Jan 27 12:35:43 CS-3013-VM systemd[1]: Starting User Manager for UID 1001...
Jan 27 12:35:43 CS-3013-VM systemd[1]: Started Session c2 of user kylesavell.
Jan 27 12:35:43 CS-3013-VM systemd[2675]: Reached target Timers.
Jan 27 12:35:43 CS-3013-VM systemd[2675]: Reached target Sockets.
Jan 27 12:35:43 CS-3013-VM systemd[2675]: Reached target Paths.
Jan 27 12:35:43 CS-3013-VM systemd[2675]: Reached target Basic System.
Jan 27 12:35:43 CS-3013-VM systemd[2675]: Reached target Default.
Jan 27 12:35:43 CS-3013-VM systemd[2675]: Startup finished in 44ms.
Jan 27 12:35:43 CS-3013-VM systemd[1]: Started User Manager for UID 1001.
Jan 27 12:35:44 CS-3013-VM org.a11y.Bus[2699]: Activating service name='org.a11y.atspi.Registry'
Jan 27 12:35:44 CS-3013-VM org.a11y.Bus[2699]: ** (process:2705): WARNING **: Failed to register client: GDBus.Error:org.freedesktop.DBus.Error.ServiceUnknown: The name org.gnome.SessionManager was not provided by any .service files
Jan 27 12:35:44 CS-3013-VM org.a11y.Bus[2699]: Successfully activated service 'org.a11y.atspi.Registry'
Jan 27 12:35:44 CS-3013-VM org.a11y.atspi.Registry[2710]: SpiRegistry daemon is running with well-known name - org.a11y.atspi.Registry
Jan 27 12:35:44 CS-3013-VM org.gnome.ScreenSaver[2699]: ** (gnome-screensaver:2726): WARNING **: Couldn't get presence status: The name org.gnome.SessionManager was not provided by any .service files
Jan 27 12:35:44 CS-3013-VM org.freedesktop.Notifications[2699]: ** (notify-osd:2703): WARNING **: dnd_is_idle_inhibited(): got error "The name org.gnome.SessionManager was not provided by any .service files"
Jan 27 12:35:46 CS-3013-VM org.ayatana.bamf[2815]: bamfdaemon start/running, process 2907
Jan 27 12:35:50 CS-3013-VM org.gnome.ScreenSaver[2815]: ** (gnome-screensaver:3019): WARNING **: Couldn't get presence status: The name org.gnome.SessionManager was not provided by any .service files
Jan 27 12:35:50 CS-3013-VM rtkit-daemon[2645]: Successfully made thread 3033 of process 3033 (n/a) owned by '1001' high priority at nice level -11.
Jan 27 12:35:50 CS-3013-VM rtkit-daemon[2645]: Supervising 2 threads of 2 processes of 2 users.
Jan 27 12:35:51 CS-3013-VM gnome-session[2969]: gnome-session-is-accelerated: llvmpipe detected.
Jan 27 12:35:52 CS-3013-VM dbus[1525]: [system] Activating via systemd: service name='org.freedesktop.locale1' unit='dbus-org.freedesktop.locale1.service'
Jan 27 12:35:52 CS-3013-VM systemd[1]: Starting Locale Service...
Jan 27 12:35:53 CS-3013-VM dbus[1525]: [system] Successfully activated service 'org.freedesktop.locale1'
Jan 27 12:35:53 CS-3013-VM systemd[1]: Started Locale Service.
Jan 27 12:35:53 CS-3013-VM gnome-session[2969]: SSH_AUTH_SOCK=/run/user/1001/keyring/ssh
Jan 27 12:35:53 CS-3013-VM kernel: [   46.688150] systemd-hostnam (1660) used greatest stack depth: 13280 bytes left
Jan 27 12:35:53 CS-3013-VM gnome-session[2969]: SSH_AUTH_SOCK=/run/user/1001/keyring/ssh
Jan 27 12:35:53 CS-3013-VM gnome-session[2969]: SSH_AUTH_SOCK=/run/user/1001/keyring/ssh
Jan 27 12:35:54 CS-3013-VM org.freedesktop.Notifications[2699]: ** (notify-osd:2703): WARNING **: dnd_is_idle_inhibited(): got error "The name org.gnome.SessionManager was not provided by any .service files"
Jan 27 12:35:55 CS-3013-VM dbus[1525]: [system] Activating service name='org.freedesktop.fwupd' (using servicehelper)
Jan 27 12:35:55 CS-3013-VM dbus[1525]: [system] Activating via systemd: service name='org.freedesktop.UDisks2' unit='udisks2.service'
Jan 27 12:35:55 CS-3013-VM gnome-session[2969]: (process:3149): indicator-application-service-WARNING **: Unable to get watcher name 'org.kde.StatusNotifierWatcher'
Jan 27 12:35:55 CS-3013-VM gnome-session[2969]: (process:3149): indicator-application-service-WARNING **: Name Lost
Jan 27 12:35:55 CS-3013-VM systemd[1]: Starting Disk Manager...
Jan 27 12:35:55 CS-3013-VM udisksd[3158]: udisks daemon version 2.1.7 starting
Jan 27 12:35:56 CS-3013-VM dbus[1525]: [system] Successfully activated service 'org.freedesktop.UDisks2'
Jan 27 12:35:56 CS-3013-VM udisksd[3158]: Acquired the name org.freedesktop.UDisks2 on the system message bus
Jan 27 12:35:56 CS-3013-VM systemd[1]: Started Disk Manager.
Jan 27 12:35:56 CS-3013-VM gnome-session-binary[2969]: Entering running state
Jan 27 12:35:56 CS-3013-VM org.gtk.vfs.AfcVolumeMonitor[2815]: Volume monitor alive
Jan 27 12:35:57 CS-3013-VM org.freedesktop.fwupd[1525]: (fwupd:3137): Fu-WARNING **: Failed to coldplug: UEFI firmware updating not supported
Jan 27 12:35:57 CS-3013-VM dbus[1525]: [system] Successfully activated service 'org.freedesktop.fwupd'
Jan 27 12:36:00 CS-3013-VM org.gnome.ScreenSaver[2815]: ** Message: Lost the name, shutting down.
Jan 27 12:36:04 CS-3013-VM pulseaudio[3033]: [pulseaudio] bluez5-util.c: GetManagedObjects() failed: org.freedesktop.DBus.Error.TimedOut: Failed to activate service 'org.bluez': timed out
Jan 27 12:36:15 CS-3013-VM org.gnome.zeitgeist.Engine[2815]: ** (zeitgeist-datahub:3321): WARNING **: zeitgeist-datahub.vala:229: Unable to get name "org.gnome.zeitgeist.datahub" on the bus!
Jan 27 12:36:22 CS-3013-VM systemd[1]: Stopping Session c1 of user lightdm.
Jan 27 12:36:22 CS-3013-VM gnome-session[2969]: (nautilus:3128): GVFS-RemoteVolumeMonitor-WARNING **: Owner of volume monitor org.gtk.vfs.GoaVolumeMonitor disconnected from the bus; removing drives/volumes/mounts
Jan 27 12:36:22 CS-3013-VM gnome-session[2969]: (nautilus:3128): GVFS-RemoteVolumeMonitor-WARNING **: Owner of volume monitor org.gtk.vfs.MTPVolumeMonitor disconnected from the bus; removing drives/volumes/mounts
Jan 27 12:36:22 CS-3013-VM gnome-session[2969]: (unity-fallback-mount-helper:3176): GVFS-RemoteVolumeMonitor-WARNING **: Owner of volume monitor org.gtk.vfs.GoaVolumeMonitor disconnected from the bus; removing drives/volumes/mounts
Jan 27 12:36:22 CS-3013-VM gnome-session[2969]: (unity-fallback-mount-helper:3176): GVFS-RemoteVolumeMonitor-WARNING **: Owner of volume monitor org.gtk.vfs.MTPVolumeMonitor disconnected from the bus; removing drives/volumes/mounts
Jan 27 12:36:22 CS-3013-VM gnome-session[2969]: (unity-fallback-mount-helper:3176): GVFS-RemoteVolumeMonitor-WARNING **: Owner of volume monitor org.gtk.vfs.UDisks2VolumeMonitor disconnected from the bus; removing drives/volumes/mounts
Jan 27 12:36:22 CS-3013-VM gnome-session-binary[2969]: WARNING: Lost name on bus: org.gnome.SessionManager
Jan 27 12:36:22 CS-3013-VM gnome-session[2969]: ** (zeitgeist-datahub:3297): WARNING **: zeitgeist-datahub.vala:229: Unable to get name "org.gnome.zeitgeist.datahub" on the bus!
Jan 27 12:36:22 CS-3013-VM gnome-session-binary[2969]: CRITICAL: We failed, but the fail whale is dead. Sorry....
Jan 27 12:36:22 CS-3013-VM gnome-session[2969]: gnome-session-binary[2969]: WARNING: Lost name on bus: org.gnome.SessionManager
Jan 27 12:36:22 CS-3013-VM gnome-session[2969]: gnome-session-binary[2969]: CRITICAL: We failed, but the fail whale is dead. Sorry....
Jan 27 12:36:22 CS-3013-VM org.gnome.zeitgeist.Engine[2815]: (zeitgeist-daemon:3310): GLib-GIO-WARNING **: Error releasing name org.gnome.zeitgeist.Engine: The connection is closed
Jan 27 12:36:22 CS-3013-VM org.gnome.zeitgeist.Engine[2815]: #033[31m[17:36:22.130885 WARNING]#033[0m zeitgeist-daemon.vala:449: The connection is closed
Jan 27 12:36:22 CS-3013-VM rsyslogd: [origin software="rsyslogd" swVersion="8.16.0" x-pid="1520" x-info="http://www.rsyslog.com"] exiting on signal 15.
Jan 27 12:36:48 CS-3013-VM rsyslogd: [origin software="rsyslogd" swVersion="8.16.0" x-pid="1494" x-info="http://www.rsyslog.com"] start
Jan 27 12:36:48 CS-3013-VM rsyslogd-2222: command 'KLogPermitNonKernelFacility' is currently not permitted - did you already set it via a RainerScript command (v6+ config)? [v8.16.0 try http://www.rsyslog.com/e/2222 ]
Jan 27 12:36:48 CS-3013-VM rsyslogd: rsyslogd's groupid changed to 108
Jan 27 12:36:48 CS-3013-VM rsyslogd: rsyslogd's userid changed to 104
Jan 27 12:36:48 CS-3013-VM systemd-modules-load[1136]: Failed to find module 'lp'
Jan 27 12:36:48 CS-3013-VM systemd-modules-load[1136]: Failed to find module 'ppdev'
Jan 27 12:36:48 CS-3013-VM systemd-modules-load[1136]: Failed to find module 'parport_pc'
Jan 27 12:36:48 CS-3013-VM systemd[1]: Started Create list of required static device nodes for the current kernel.
Jan 27 12:36:48 CS-3013-VM systemd[1]: Started Uncomplicated firewall.
Jan 27 12:36:48 CS-3013-VM systemd[1]: systemd-modules-load.service: Main process exited, code=exited, status=1/FAILURE
Jan 27 12:36:48 CS-3013-VM systemd[1]: Failed to start Load Kernel Modules.
Jan 27 12:36:48 CS-3013-VM systemd[1]: systemd-modules-load.service: Unit entered failed state.
Jan 27 12:36:48 CS-3013-VM systemd[1]: systemd-modules-load.service: Failed with result 'exit-code'.
Jan 27 12:36:48 CS-3013-VM systemd[1]: Starting Apply Kernel Variables...
Jan 27 12:36:48 CS-3013-VM systemd[1]: Starting Create Static Device Nodes in /dev...
Jan 27 12:36:48 CS-3013-VM systemd-sysctl[1143]: Couldn't write '1' to 'kernel/yama/ptrace_scope', ignoring: No such file or directory
Jan 27 12:36:48 CS-3013-VM systemd[1]: Started Apply Kernel Variables.
Jan 27 12:36:48 CS-3013-VM systemd[1]: Mounted Debug File System.
Jan 27 12:36:48 CS-3013-VM systemd[1]: Mounted Huge Pages File System.
Jan 27 12:36:48 CS-3013-VM kernel: [    0.000000] Linux version 4.15.0-rc7project0test3+ (kylesavell@CS-3013-VM) (gcc version 5.4.0 20160609 (Ubuntu 5.4.0-6ubuntu1~16.04.5)) #3 SMP Sat Jan 13 14:53:43 EST 2018
Jan 27 12:36:48 CS-3013-VM kernel: [    0.000000] Command line: BOOT_IMAGE=/boot/vmlinuz-4.15.0-rc7project0test3+ root=UUID=48c4677d-5932-4a78-be14-e6ef89960207 ro quiet splash
Jan 27 12:36:48 CS-3013-VM kernel: [    0.000000] x86/fpu: Supporting XSAVE feature 0x001: 'x87 floating point registers'
Jan 27 12:36:48 CS-3013-VM systemd[1]: Mounted POSIX Message Queue File System.
Jan 27 12:36:48 CS-3013-VM kernel: [    0.000000] x86/fpu: Supporting XSAVE feature 0x002: 'SSE registers'
Jan 27 12:36:48 CS-3013-VM rsyslogd-2039: Could not open output pipe '/dev/xconsole':: No such file or directory [v8.16.0 try http://www.rsyslog.com/e/2039 ]
Jan 27 12:36:48 CS-3013-VM kernel: [    0.000000] x86/fpu: Supporting XSAVE feature 0x004: 'AVX registers'
Jan 27 12:36:48 CS-3013-VM kernel: [    0.000000] x86/fpu: xstate_offset[2]:  576, xstate_sizes[2]:  256
Jan 27 12:36:48 CS-3013-VM kernel: [    0.000000] x86/fpu: Enabled xstate features 0x7, context size is 832 bytes, using 'standard' format.
Jan 27 12:36:48 CS-3013-VM loadkeys[1133]: Loading /etc/console-setup/cached.kmap.gz
Jan 27 12:36:48 CS-3013-VM kernel: [    0.000000] e820: BIOS-provided physical RAM map:
Jan 27 12:36:48 CS-3013-VM kernel: [    0.000000] BIOS-e820: [mem 0x0000000000000000-0x000000000009fbff] usable
Jan 27 12:36:48 CS-3013-VM kernel: [    0.000000] BIOS-e820: [mem 0x000000000009fc00-0x000000000009ffff] reserved
Jan 27 12:36:48 CS-3013-VM systemd[1]: Started Set console keymap.
Jan 27 12:36:48 CS-3013-VM kernel: [    0.000000] BIOS-e820: [mem 0x00000000000f0000-0x00000000000fffff] reserved
Jan 27 12:36:48 CS-3013-VM kernel: [    0.000000] BIOS-e820: [mem 0x0000000000100000-0x00000000dffeffff] usable
Jan 27 12:36:48 CS-3013-VM kernel: [    0.000000] BIOS-e820: [mem 0x00000000dfff0000-0x00000000dfffffff] ACPI data
Jan 27 12:36:48 CS-3013-VM systemd[1]: Started Create Static Device Nodes in /dev.
Jan 27 12:36:48 CS-3013-VM kernel: [    0.000000] BIOS-e820: [mem 0x00000000fec00000-0x00000000fec00fff] reserved
Jan 27 12:36:48 CS-3013-VM kernel: [    0.000000] BIOS-e820: [mem 0x00000000fee00000-0x00000000fee00fff] reserved
Jan 27 12:36:48 CS-3013-VM rsyslogd-2007: action 'action 10' suspended, next retry is Sat Jan 27 12:37:18 2018 [v8.16.0 try http://www.rsyslog.com/e/2007 ]
Jan 27 12:36:48 CS-3013-VM kernel: [    0.000000] BIOS-e820: [mem 0x00000000fffc0000-0x00000000ffffffff] reserved
Jan 27 12:36:48 CS-3013-VM systemd[1]: Starting udev Kernel Device Manager...
Jan 27 12:36:48 CS-3013-VM kernel: [    0.000000] BIOS-e820: [mem 0x0000000100000000-0x0000000119ffffff] usable
Jan 27 12:36:48 CS-3013-VM kernel: [    0.000000] NX (Execute Disable) protection: active
Jan 27 12:36:48 CS-3013-VM kernel: [    0.000000] random: fast init done
Jan 27 12:36:48 CS-3013-VM systemd[1]: Started udev Kernel Device Manager.
Jan 27 12:36:48 CS-3013-VM kernel: [    0.000000] SMBIOS 2.5 present.
Jan 27 12:36:48 CS-3013-VM kernel: [    0.000000] DMI: innotek GmbH VirtualBox/VirtualBox, BIOS VirtualBox 12/01/2006
Jan 27 12:36:48 CS-3013-VM kernel: [    0.000000] e820: update [mem 0x00000000-0x00000fff] usable ==> reserved
Jan 27 12:36:48 CS-3013-VM kernel: [    0.000000] e820: remove [mem 0x000a0000-0x000fffff] usable
Jan 27 12:36:48 CS-3013-VM kernel: [    0.000000] e820: last_pfn = 0x11a000 max_arch_pfn = 0x400000000
Jan 27 12:36:48 CS-3013-VM systemd[1]: Starting Remount Root and Kernel File Systems...
Jan 27 12:36:48 CS-3013-VM kernel: [    0.000000] MTRR default type: uncachable
Jan 27 12:36:48 CS-3013-VM kernel: [    0.000000] MTRR variable ranges disabled:
Jan 27 12:36:48 CS-3013-VM kernel: [    0.000000] MTRR: Disabled
Jan 27 12:36:48 CS-3013-VM kernel: [    0.000000] x86/PAT: MTRRs disabled, skipping PAT initialization too.
Jan 27 12:36:48 CS-3013-VM systemd[1]: Started Remount Root and Kernel File Systems.
Jan 27 12:36:48 CS-3013-VM kernel: [    0.000000] CPU MTRRs all blank - virtualized system.
Jan 27 12:36:48 CS-3013-VM kernel: [    0.000000] x86/PAT: Configuration [0-7]: WB  WT  UC- UC  WB  WT  UC- UC  
Jan 27 12:36:48 CS-3013-VM kernel: [    0.000000] e820: last_pfn = 0xdfff0 max_arch_pfn = 0x400000000
Jan 27 12:36:48 CS-3013-VM systemd[1]: Starting Flush Journal to Persistent Storage...
Jan 27 12:36:48 CS-3013-VM kernel: [    0.000000] found SMP MP-table at [mem 0x0009fff0-0x0009ffff] mapped at [        (ptrval)]
Jan 27 12:36:48 CS-3013-VM kernel: [    0.000000] Scanning 1 areas for low memory corruption
Jan 27 12:36:48 CS-3013-VM kernel: [    0.000000] Base memory trampoline at [        (ptrval)] 99000 size 24576
Jan 27 12:36:48 CS-3013-VM systemd[1]: Reached target Local File Systems (Pre).
Jan 27 12:36:48 CS-3013-VM kernel: [    0.000000] BRK [0x9611b000, 0x9611bfff] PGTABLE
Jan 27 12:36:48 CS-3013-VM kernel: [    0.000000] BRK [0x9611c000, 0x9611cfff] PGTABLE
Jan 27 12:36:48 CS-3013-VM kernel: [    0.000000] BRK [0x9611d000, 0x9611dfff] PGTABLE
Jan 27 12:36:48 CS-3013-VM kernel: [    0.000000] BRK [0x9611e000, 0x9611efff] PGTABLE
Jan 27 12:36:48 CS-3013-VM systemd[1]: Starting udev Coldplug all Devices...
Jan 27 12:36:48 CS-3013-VM kernel: [    0.000000] BRK [0x9611f000, 0x9611ffff] PGTABLE
Jan 27 12:36:48 CS-3013-VM kernel: [    0.000000] BRK [0x96120000, 0x96120fff] PGTABLE
Jan 27 12:36:48 CS-3013-VM systemd[1]: Reached target Local File Systems.
Jan 27 12:36:48 CS-3013-VM kernel: [    0.000000] BRK [0x96121000, 0x96121fff] PGTABLE
Jan 27 12:36:48 CS-3013-VM kernel: [    0.000000] RAMDISK: [mem 0x36e24000-0x37709fff]
Jan 27 12:36:48 CS-3013-VM kernel: [    0.000000] ACPI: Early table checksum verification disabled
Jan 27 12:36:48 CS-3013-VM kernel: [    0.000000] ACPI: RSDP 0x00000000000E0000 000024 (v02 VBOX  )
Jan 27 12:36:48 CS-3013-VM systemd[1]: Starting Clean up any mess left by 0dns-up...
Jan 27 12:36:48 CS-3013-VM kernel: [    0.000000] ACPI: XSDT 0x00000000DFFF0030 00003C (v01 VBOX   VBOXXSDT 00000001 ASL  00000061)
Jan 27 12:36:48 CS-3013-VM kernel: [    0.000000] ACPI: FACP 0x00000000DFFF00F0 0000F4 (v04 VBOX   VBOXFACP 00000001 ASL  00000061)
Jan 27 12:36:48 CS-3013-VM kernel: [    0.000000] ACPI: DSDT 0x00000000DFFF0480 0021FF (v02 VBOX   VBOXBIOS 00000002 INTL 20100528)
Jan 27 12:36:48 CS-3013-VM kernel: [    0.000000] ACPI: FACS 0x00000000DFFF0200 000040
Jan 27 12:36:48 CS-3013-VM systemd[1]: Starting Tell Plymouth To Write Out Runtime Data...
Jan 27 12:36:48 CS-3013-VM kernel: [    0.000000] ACPI: FACS 0x00000000DFFF0200 000040
Jan 27 12:36:48 CS-3013-VM kernel: [    0.000000] ACPI: APIC 0x00000000DFFF0240 00006C (v02 VBOX   VBOXAPIC 00000001 ASL  00000061)
Jan 27 12:36:48 CS-3013-VM kernel: [    0.000000] ACPI: SSDT 0x00000000DFFF02B0 0001CC (v01 VBOX   VBOXCPUT 00000002 INTL 20100528)
Jan 27 12:36:48 CS-3013-VM systemd[1]: Starting LSB: AppArmor initialization...
Jan 27 12:36:48 CS-3013-VM kernel: [    0.000000] ACPI: Local APIC address 0xfee00000
Jan 27 12:36:48 CS-3013-VM kernel: [    0.000000] No NUMA configuration found
Jan 27 12:36:48 CS-3013-VM kernel: [    0.000000] Faking a node at [mem 0x0000000000000000-0x0000000119ffffff]
Jan 27 12:36:48 CS-3013-VM kernel: [    0.000000] NODE_DATA(0) allocated [mem 0x119ffa000-0x119ffdfff]
Jan 27 12:36:48 CS-3013-VM systemd[1]: Starting Set console font and keymap...
Jan 27 12:36:48 CS-3013-VM kernel: [    0.000000] tsc: Fast TSC calibration using PIT
Jan 27 12:36:48 CS-3013-VM kernel: [    0.000000] Zone ranges:
Jan 27 12:36:48 CS-3013-VM kernel: [    0.000000]   DMA      [mem 0x0000000000001000-0x0000000000ffffff]
Jan 27 12:36:48 CS-3013-VM systemd[1]: Starting Load/Save Random Seed...
Jan 27 12:36:48 CS-3013-VM kernel: [    0.000000]   DMA32    [mem 0x0000000001000000-0x00000000ffffffff]
Jan 27 12:36:48 CS-3013-VM kernel: [    0.000000]   Normal   [mem 0x0000000100000000-0x0000000119ffffff]
Jan 27 12:36:48 CS-3013-VM kernel: [    0.000000] Movable zone start for each node
Jan 27 12:36:48 CS-3013-VM kernel: [    0.000000] Early memory node ranges
Jan 27 12:36:48 CS-3013-VM systemd[1]: Started Flush Journal to Persistent Storage.
Jan 27 12:36:48 CS-3013-VM kernel: [    0.000000]   node   0: [mem 0x0000000000001000-0x000000000009efff]
Jan 27 12:36:48 CS-3013-VM kernel: [    0.000000]   node   0: [mem 0x0000000000100000-0x00000000dffeffff]
Jan 27 12:36:48 CS-3013-VM systemd[1]: Starting Create Volatile Files and Directories...
